sx1272.c:223:6:SX1272Init	24	static
sx1272.c:256:14:SX1272GetStatus	4	static
sx1272.c:261:6:SX1272SetChannel	24	static
sx1272.c:270:6:SX1272IsChannelFree	32	static
sx1272.c:301:10:SX1272Random	16	static
sx1272.c:343:16:GetFskBandwidthRegValue	24	static
sx1272.c:358:6:SX1272SetRxConfig	32	static
sx1272.c:501:6:SX1272SetTxConfig	32	static
sx1272.c:626:10:SX1272GetTimeOnAir	104	static
sx1272.c:683:6:SX1272Send	24	static
sx1272.c:757:6:SX1272SetSleep	8	static
sx1272.c:766:6:SX1272SetStby	8	static
sx1272.c:775:6:SX1272SetRx	24	static
sx1272.c:894:6:SX1272SetTx	16	static
sx1272.c:957:6:SX1272StartCad	8	static
sx1272.c:990:6:SX1272SetTxContinuousWave	64	static
sx1272.c:1010:9:SX1272ReadRssi	24	static
sx1272.c:1029:6:SX1272SetOpMode	16	static
sx1272.c:1059:6:SX1272SetModem	16	static
sx1272.c:1096:6:SX1272Write	16	static
sx1272.c:1101:9:SX1272Read	24	static
sx1272.c:1108:6:SX1272WriteBuffer	16	static
sx1272.c:1125:6:SX1272ReadBuffer	16	static
sx1272.c:1143:6:SX1272WriteFifo	16	static
sx1272.c:1148:6:SX1272ReadFifo	16	static
sx1272.c:1153:6:SX1272SetMaxPayloadLength	16	static
sx1272.c:1171:6:SX1272SetPublicNetwork	16	static
sx1272.c:1192:6:SX1272OnTimeoutIrq	16	static
sx1272.c:1264:6:SX1272OnDio0Irq	24	static
sx1272.c:1450:6:SX1272OnDio1Irq	8	static
sx1272.c:1527:6:SX1272OnDio2Irq	16	static
sx1272.c:1597:6:SX1272OnDio3Irq	8	static
sx1272.c:1628:6:SX1272OnDio4Irq	4	static
sx1272.c:1647:6:SX1272OnDio5Irq	4	static
