Archive member included to satisfy reference by file (symbol)

c:/st/stm32cubeide_1.0.2/stm32cubeide/plugins/com.st.stm32cube.ide.mcu.externaltools.gnu-tools-for-stm32.7-2018-q2-update.win32_1.0.0.201904181610/tools/bin/../lib/gcc/arm-none-eabi/7.3.1/../../../../arm-none-eabi/lib/thumb/v7e-m/fpv4-sp/hard\libc_nano.a(lib_a-errno.o)
                              Src/syscalls.o (__errno)
c:/st/stm32cubeide_1.0.2/stm32cubeide/plugins/com.st.stm32cube.ide.mcu.externaltools.gnu-tools-for-stm32.7-2018-q2-update.win32_1.0.0.201904181610/tools/bin/../lib/gcc/arm-none-eabi/7.3.1/../../../../arm-none-eabi/lib/thumb/v7e-m/fpv4-sp/hard\libc_nano.a(lib_a-exit.o)
                              c:/st/stm32cubeide_1.0.2/stm32cubeide/plugins/com.st.stm32cube.ide.mcu.externaltools.gnu-tools-for-stm32.7-2018-q2-update.win32_1.0.0.201904181610/tools/bin/../lib/gcc/arm-none-eabi/7.3.1/../../../../arm-none-eabi/lib/thumb/v7e-m/fpv4-sp/hard/crt0.o (exit)
c:/st/stm32cubeide_1.0.2/stm32cubeide/plugins/com.st.stm32cube.ide.mcu.externaltools.gnu-tools-for-stm32.7-2018-q2-update.win32_1.0.0.201904181610/tools/bin/../lib/gcc/arm-none-eabi/7.3.1/../../../../arm-none-eabi/lib/thumb/v7e-m/fpv4-sp/hard\libc_nano.a(lib_a-impure.o)
                              c:/st/stm32cubeide_1.0.2/stm32cubeide/plugins/com.st.stm32cube.ide.mcu.externaltools.gnu-tools-for-stm32.7-2018-q2-update.win32_1.0.0.201904181610/tools/bin/../lib/gcc/arm-none-eabi/7.3.1/../../../../arm-none-eabi/lib/thumb/v7e-m/fpv4-sp/hard\libc_nano.a(lib_a-exit.o) (_global_impure_ptr)
c:/st/stm32cubeide_1.0.2/stm32cubeide/plugins/com.st.stm32cube.ide.mcu.externaltools.gnu-tools-for-stm32.7-2018-q2-update.win32_1.0.0.201904181610/tools/bin/../lib/gcc/arm-none-eabi/7.3.1/../../../../arm-none-eabi/lib/thumb/v7e-m/fpv4-sp/hard\libc_nano.a(lib_a-init.o)
                              c:/st/stm32cubeide_1.0.2/stm32cubeide/plugins/com.st.stm32cube.ide.mcu.externaltools.gnu-tools-for-stm32.7-2018-q2-update.win32_1.0.0.201904181610/tools/bin/../lib/gcc/arm-none-eabi/7.3.1/../../../../arm-none-eabi/lib/thumb/v7e-m/fpv4-sp/hard/crt0.o (__libc_init_array)
c:/st/stm32cubeide_1.0.2/stm32cubeide/plugins/com.st.stm32cube.ide.mcu.externaltools.gnu-tools-for-stm32.7-2018-q2-update.win32_1.0.0.201904181610/tools/bin/../lib/gcc/arm-none-eabi/7.3.1/../../../../arm-none-eabi/lib/thumb/v7e-m/fpv4-sp/hard\libc_nano.a(lib_a-memcpy-stub.o)
                              Drivers/Lora/Mac/region/RegionAS923.o (memcpy)
c:/st/stm32cubeide_1.0.2/stm32cubeide/plugins/com.st.stm32cube.ide.mcu.externaltools.gnu-tools-for-stm32.7-2018-q2-update.win32_1.0.0.201904181610/tools/bin/../lib/gcc/arm-none-eabi/7.3.1/../../../../arm-none-eabi/lib/thumb/v7e-m/fpv4-sp/hard\libc_nano.a(lib_a-memset.o)
                              c:/st/stm32cubeide_1.0.2/stm32cubeide/plugins/com.st.stm32cube.ide.mcu.externaltools.gnu-tools-for-stm32.7-2018-q2-update.win32_1.0.0.201904181610/tools/bin/../lib/gcc/arm-none-eabi/7.3.1/../../../../arm-none-eabi/lib/thumb/v7e-m/fpv4-sp/hard/crt0.o (memset)
c:/st/stm32cubeide_1.0.2/stm32cubeide/plugins/com.st.stm32cube.ide.mcu.externaltools.gnu-tools-for-stm32.7-2018-q2-update.win32_1.0.0.201904181610/tools/bin/../lib/gcc/arm-none-eabi/7.3.1/../../../../arm-none-eabi/lib/thumb/v7e-m/fpv4-sp/hard\libc_nano.a(lib_a-strlen.o)
                              Src/tiny_printf.o (strlen)
c:/st/stm32cubeide_1.0.2/stm32cubeide/plugins/com.st.stm32cube.ide.mcu.externaltools.gnu-tools-for-stm32.7-2018-q2-update.win32_1.0.0.201904181610/tools/bin/../lib/gcc/arm-none-eabi/7.3.1/../../../../arm-none-eabi/lib/thumb/v7e-m/fpv4-sp/hard\libc_nano.a(lib_a-strncmp.o)
                              Src/main.o (strncmp)
c:/st/stm32cubeide_1.0.2/stm32cubeide/plugins/com.st.stm32cube.ide.mcu.externaltools.gnu-tools-for-stm32.7-2018-q2-update.win32_1.0.0.201904181610/tools/bin/../lib/gcc/arm-none-eabi/7.3.1/../../../../arm-none-eabi/lib/thumb/v7e-m/fpv4-sp/hard\libc_nano.a(lib_a-vsprintf.o)
                              Src/vcom.o (vsprintf)
c:/st/stm32cubeide_1.0.2/stm32cubeide/plugins/com.st.stm32cube.ide.mcu.externaltools.gnu-tools-for-stm32.7-2018-q2-update.win32_1.0.0.201904181610/tools/bin/../lib/gcc/arm-none-eabi/7.3.1/../../../../arm-none-eabi/lib/thumb/v7e-m/fpv4-sp/hard\libc_nano.a(lib_a-nano-svfprintf.o)
                              c:/st/stm32cubeide_1.0.2/stm32cubeide/plugins/com.st.stm32cube.ide.mcu.externaltools.gnu-tools-for-stm32.7-2018-q2-update.win32_1.0.0.201904181610/tools/bin/../lib/gcc/arm-none-eabi/7.3.1/../../../../arm-none-eabi/lib/thumb/v7e-m/fpv4-sp/hard\libc_nano.a(lib_a-vsprintf.o) (_svfprintf_r)
c:/st/stm32cubeide_1.0.2/stm32cubeide/plugins/com.st.stm32cube.ide.mcu.externaltools.gnu-tools-for-stm32.7-2018-q2-update.win32_1.0.0.201904181610/tools/bin/../lib/gcc/arm-none-eabi/7.3.1/../../../../arm-none-eabi/lib/thumb/v7e-m/fpv4-sp/hard\libc_nano.a(lib_a-nano-vfprintf_i.o)
[...]
Memory Configuration

Name             Origin             Length             Attributes
RAM              0x0000000020000000 0x0000000000020000 xrw
FLASH            0x0000000008000000 0x0000000000080000 xr
*default*        0x0000000000000000 0xffffffffffffffff

Linker script and memory map

LOAD c:/st/stm32cubeide_1.0.2/stm32cubeide/plugins/com.st.stm32cube.ide.mcu.externaltools.gnu-tools-for-stm32.7-2018-q2-update.win32_1.0.0.201904181610/tools/bin/../lib/gcc/arm-none-eabi/7.3.1/thumb/v7e-m/fpv4-sp/hard/crti.o
LOAD c:/st/stm32cubeide_1.0.2/stm32cubeide/plugins/com.st.stm32cube.ide.mcu.externaltools.gnu-tools-for-stm32.7-2018-q2-update.win32_1.0.0.201904181610/tools/bin/../lib/gcc/arm-none-eabi/7.3.1/thumb/v7e-m/fpv4-sp/hard/crtbegin.o
LOAD c:/st/stm32cubeide_1.0.2/stm32cubeide/plugins/com.st.stm32cube.ide.mcu.externaltools.gnu-tools-for-stm32.7-2018-q2-update.win32_1.0.0.201904181610/tools/bin/../lib/gcc/arm-none-eabi/7.3.1/../../../../arm-none-eabi/lib/thumb/v7e-m/fpv4-sp/hard/crt0.o
LOAD Drivers/Lora/Core/lora.o
LOAD Drivers/Lora/Crypto/aes.o
LOAD Drivers/Lora/Crypto/cmac.o
LOAD Drivers/Lora/Mac/LoRaMac.o
LOAD Drivers/Lora/Mac/LoRaMacCrypto.o
LOAD Drivers/Lora/Mac/region/Region.o
LOAD Drivers/Lora/Mac/region/RegionAS923.o
LOAD Drivers/Lora/Mac/region/RegionAU915.o
LOAD Drivers/Lora/Mac/region/RegionCN470.o
LOAD Drivers/Lora/Mac/region/RegionCN779.o
LOAD Drivers/Lora/Mac/region/RegionCommon.o
LOAD Drivers/Lora/Mac/region/RegionEU433.o
LOAD Drivers/Lora/Mac/region/RegionEU868.o
LOAD Drivers/Lora/Mac/region/RegionIN865.o
LOAD Drivers/Lora/Mac/region/RegionKR920.o
LOAD Drivers/Lora/Mac/region/RegionUS915-Hybrid.o
LOAD Drivers/Lora/Mac/region/RegionUS915.o
LOAD Drivers/Lora/Radio/sx1272/sx1272.o
LOAD Drivers/Lora/Utilities/delay.o
LOAD Drivers/Lora/Utilities/timeServer.o
LOAD Drivers/Lora/Utilities/utilities.o
LOAD Drivers/STM32F4xx_HAL_Driver/Src/stm32f4xx_hal.o
LOAD Drivers/STM32F4xx_HAL_Driver/Src/stm32f4xx_hal_cortex.o
LOAD Drivers/STM32F4xx_HAL_Driver/Src/stm32f4xx_hal_dma.o
LOAD Drivers/STM32F4xx_HAL_Driver/Src/stm32f4xx_hal_dma_ex.o
LOAD Drivers/STM32F4xx_HAL_Driver/Src/stm32f4xx_hal_exti.o
LOAD Drivers/STM32F4xx_HAL_Driver/Src/stm32f4xx_hal_flash.o
LOAD Drivers/STM32F4xx_HAL_Driver/Src/stm32f4xx_hal_flash_ex.o
LOAD Drivers/STM32F4xx_HAL_Driver/Src/stm32f4xx_hal_flash_ramfunc.o
LOAD Drivers/STM32F4xx_HAL_Driver/Src/stm32f4xx_hal_gpio.o
LOAD Drivers/STM32F4xx_HAL_Driver/Src/stm32f4xx_hal_pwr.o
LOAD Drivers/STM32F4xx_HAL_Driver/Src/stm32f4xx_hal_pwr_ex.o
LOAD Drivers/STM32F4xx_HAL_Driver/Src/stm32f4xx_hal_rcc.o
LOAD Drivers/STM32F4xx_HAL_Driver/Src/stm32f4xx_hal_rcc_ex.o
LOAD Drivers/STM32F4xx_HAL_Driver/Src/stm32f4xx_hal_spi.o
LOAD Drivers/STM32F4xx_HAL_Driver/Src/stm32f4xx_hal_tim.o
LOAD Drivers/STM32F4xx_HAL_Driver/Src/stm32f4xx_hal_tim_ex.o
LOAD Drivers/STM32F4xx_HAL_Driver/Src/stm32f4xx_hal_uart.o
LOAD Src/gpio.o
LOAD Src/lora_init.o
LOAD Src/main.o
LOAD Src/spi.o
LOAD Src/stm32f4xx_hal_msp.o
LOAD Src/stm32f4xx_hw.o
LOAD Src/stm32f4xx_it.o
LOAD Src/syscalls.o
LOAD Src/sysmem.o
LOAD Src/system_stm32f4xx.o
LOAD Src/tiny_printf.o
LOAD Src/uart.o
LOAD Src/vcom.o
LOAD Startup/startup_stm32f411vetx.o
START GROUP
LOAD c:/st/stm32cubeide_1.0.2/stm32cubeide/plugins/com.st.stm32cube.ide.mcu.externaltools.gnu-tools-for-stm32.7-2018-q2-update.win32_1.0.0.201904181610/tools/bin/../lib/gcc/arm-none-eabi/7.3.1/../../../../arm-none-eabi/lib/thumb/v7e-m/fpv4-sp/hard\libc_nano.a
LOAD c:/st/stm32cubeide_1.0.2/stm32cubeide/plugins/com.st.stm32cube.ide.mcu.externaltools.gnu-tools-for-stm32.7-2018-q2-update.win32_1.0.0.201904181610/tools/bin/../lib/gcc/arm-none-eabi/7.3.1/../../../../arm-none-eabi/lib/thumb/v7e-m/fpv4-sp/hard\libm.a
END GROUP
START GROUP
LOAD c:/st/stm32cubeide_1.0.2/stm32cubeide/plugins/com.st.stm32cube.ide.mcu.externaltools.gnu-tools-for-stm32.7-2018-q2-update.win32_1.0.0.201904181610/tools/bin/../lib/gcc/arm-none-eabi/7.3.1/thumb/v7e-m/fpv4-sp/hard\libgcc.a
LOAD c:/st/stm32cubeide_1.0.2/stm32cubeide/plugins/com.st.stm32cube.ide.mcu.externaltools.gnu-tools-for-stm32.7-2018-q2-update.win32_1.0.0.201904181610/tools/bin/../lib/gcc/arm-none-eabi/7.3.1/../../../../arm-none-eabi/lib/thumb/v7e-m/fpv4-sp/hard\libc_nano.a
END GROUP
START GROUP
LOAD c:/st/stm32cubeide_1.0.2/stm32cubeide/plugins/com.st.stm32cube.ide.mcu.externaltools.gnu-tools-for-stm32.7-2018-q2-update.win32_1.0.0.201904181610/tools/bin/../lib/gcc/arm-none-eabi/7.3.1/thumb/v7e-m/fpv4-sp/hard\libgcc.a
LOAD c:/st/stm32cubeide_1.0.2/stm32cubeide/plugins/com.st.stm32cube.ide.mcu.externaltools.gnu-tools-for-stm32.7-2018-q2-update.win32_1.0.0.201904181610/tools/bin/../lib/gcc/arm-none-eabi/7.3.1/../../../../arm-none-eabi/lib/thumb/v7e-m/fpv4-sp/hard\libc_nano.a
LOAD c:/st/stm32cubeide_1.0.2/stm32cubeide/plugins/com.st.stm32cube.ide.mcu.externaltools.gnu-tools-for-stm32.7-2018-q2-update.win32_1.0.0.201904181610/tools/bin/../lib/gcc/arm-none-eabi/7.3.1/../../../../arm-none-eabi/lib/thumb/v7e-m/fpv4-sp/hard\libnosys.a
END GROUP
START GROUP
LOAD c:/st/stm32cubeide_1.0.2/stm32cubeide/plugins/com.st.stm32cube.ide.mcu.externaltools.gnu-tools-for-stm32.7-2018-q2-update.win32_1.0.0.201904181610/tools/bin/../lib/gcc/arm-none-eabi/7.3.1/thumb/v7e-m/fpv4-sp/hard\libgcc.a
LOAD c:/st/stm32cubeide_1.0.2/stm32cubeide/plugins/com.st.stm32cube.ide.mcu.externaltools.gnu-tools-for-stm32.7-2018-q2-update.win32_1.0.0.201904181610/tools/bin/../lib/gcc/arm-none-eabi/7.3.1/../../../../arm-none-eabi/lib/thumb/v7e-m/fpv4-sp/hard\libc_nano.a
LOAD c:/st/stm32cubeide_1.0.2/stm32cubeide/plugins/com.st.stm32cube.ide.mcu.externaltools.gnu-tools-for-stm32.7-2018-q2-update.win32_1.0.0.201904181610/tools/bin/../lib/gcc/arm-none-eabi/7.3.1/../../../../arm-none-eabi/lib/thumb/v7e-m/fpv4-sp/hard\libnosys.a
END GROUP
LOAD c:/st/stm32cubeide_1.0.2/stm32cubeide/plugins/com.st.stm32cube.ide.mcu.externaltools.gnu-tools-for-stm32.7-2018-q2-update.win32_1.0.0.201904181610/tools/bin/../lib/gcc/arm-none-eabi/7.3.1/thumb/v7e-m/fpv4-sp/hard/crtend.o
LOAD c:/st/stm32cubeide_1.0.2/stm32cubeide/plugins/com.st.stm32cube.ide.mcu.externaltools.gnu-tools-for-stm32.7-2018-q2-update.win32_1.0.0.201904181610/tools/bin/../lib/gcc/arm-none-eabi/7.3.1/thumb/v7e-m/fpv4-sp/hard/crtn.o
                0x0000000020020000                _estack = 0x20020000
                0x0000000000000200                _Min_Heap_Size = 0x200
                0x0000000000000400                _Min_Stack_Size = 0x400

.isr_vector     0x0000000008000000      0x198
                0x0000000008000000                . = ALIGN (0x4)
 *(.isr_vector)
 .isr_vector    0x0000000008000000      0x198 Startup/startup_stm32f411vetx.o
                0x0000000008000000                g_pfnVectors
                0x0000000008000198                . = ALIGN (0x4)

.text           0x00000000080001a0     0x56a4
                0x00000000080001a0                . = ALIGN (0x4)
 *(.text)
 .text          0x00000000080001a0       0x40 c:/st/stm32cubeide_1.0.2/stm32cubeide/plugins/com.st.stm32cube.ide.mcu.externaltools.gnu-tools-for-stm32.7-2018-q2-update.win32_1.0.0.201904181610/tools/bin/../lib/gcc/arm-none-eabi/7.3.1/thumb/v7e-m/fpv4-sp/hard/crtbegin.o
 .text          0x00000000080001e0       0xa0 c:/st/stm32cubeide_1.0.2/stm32cubeide/plugins/com.st.stm32cube.ide.mcu.externaltools.gnu-tools-for-stm32.7-2018-q2-update.win32_1.0.0.201904181610/tools/bin/../lib/gcc/arm-none-eabi/7.3.1/../../../../arm-none-eabi/lib/thumb/v7e-m/fpv4-sp/hard\libc_nano.a(lib_a-memchr.o)
                0x00000000080001e0                memchr
 .text          0x0000000008000280      0x378 c:/st/stm32cubeide_1.0.2/stm32cubeide/plugins/com.st.stm32cube.ide.mcu.externaltools.gnu-tools-for-stm32.7-2018-q2-update.win32_1.0.0.201904181610/tools/bin/../lib/gcc/arm-none-eabi/7.3.1/thumb/v7e-m/fpv4-sp/hard\libgcc.a(_arm_addsubdf3.o)
                0x0000000008000280                __aeabi_drsub
                0x0000000008000288                __aeabi_dsub
                0x0000000008000288                __subdf3
                0x000000000800028c                __aeabi_dadd
                0x000000000800028c                __adddf3
                0x0000000008000504                __floatunsidf
                0x0000000008000504                __aeabi_ui2d
                0x0000000008000524                __floatsidf
                0x0000000008000524                __aeabi_i2d
                0x0000000008000548                __aeabi_f2d
                0x0000000008000548                __extendsfdf2
                0x000000000800058c                __floatundidf
                0x000000000800058c                __aeabi_ul2d
                0x000000000800059c                __floatdidf
                0x000000000800059c                __aeabi_l2d
 .text          0x00000000080005f8      0x424 c:/st/stm32cubeide_1.0.2/stm32cubeide/plugins/com.st.stm32cube.ide.mcu.externaltools.gnu-tools-for-stm32.7-2018-q2-update.win32_1.0.0.201904181610/tools/bin/../lib/gcc/arm-none-eabi/7.3.1/thumb/v7e-m/fpv4-sp/hard\libgcc.a(_arm_muldivdf3.o)
                0x00000000080005f8                __aeabi_dmul
                0x00000000080005f8                __muldf3
                0x000000000800084c                __divdf3
                0x000000000800084c                __aeabi_ddiv
 .text          0x0000000008000a1c      0x110 c:/st/stm32cubeide_1.0.2/stm32cubeide/plugins/com.st.stm32cube.ide.mcu.externaltools.gnu-tools-for-stm32.7-2018-q2-update.win32_1.0.0.201904181610/tools/bin/../lib/gcc/arm-none-eabi/7.3.1/thumb/v7e-m/fpv4-sp/hard\libgcc.a(_arm_cmpdf2.o)
                0x0000000008000a1c                __gtdf2
                0x0000000008000a1c                __gedf2
                0x0000000008000a24                __ltdf2
                0x0000000008000a24                __ledf2
                0x0000000008000a2c                __nedf2
                0x0000000008000a2c                __eqdf2
                0x0000000008000a2c                __cmpdf2
                0x0000000008000aa8                __aeabi_cdrcmple
                0x0000000008000ab8                __aeabi_cdcmpeq
                0x0000000008000ab8                __aeabi_cdcmple
                0x0000000008000ac8                __aeabi_dcmpeq
                0x0000000008000adc                __aeabi_dcmplt
                0x0000000008000af0                __aeabi_dcmple
                0x0000000008000b04                __aeabi_dcmpge
                0x0000000008000b18                __aeabi_dcmpgt
 .text          0x0000000008000b2c       0x50 c:/st/stm32cubeide_1.0.2/stm32cubeide/plugins/com.st.stm32cube.ide.mcu.externaltools.gnu-tools-for-stm32.7-2018-q2-update.win32_1.0.0.201904181610/tools/bin/../lib/gcc/arm-none-eabi/7.3.1/thumb/v7e-m/fpv4-sp/hard\libgcc.a(_arm_fixdfsi.o)
                0x0000000008000b2c                __aeabi_d2iz
                0x0000000008000b2c                __fixdfsi
 .text          0x0000000008000b7c       0x40 c:/st/stm32cubeide_1.0.2/stm32cubeide/plugins/com.st.stm32cube.ide.mcu.externaltools.gnu-tools-for-stm32.7-2018-q2-update.win32_1.0.0.201904181610/tools/bin/../lib/gcc/arm-none-eabi/7.3.1/thumb/v7e-m/fpv4-sp/hard\libgcc.a(_arm_fixunsdfsi.o)
                0x0000000008000b7c                __aeabi_d2uiz
                0x0000000008000b7c                __fixunsdfsi
 .text          0x0000000008000bbc       0x30 c:/st/stm32cubeide_1.0.2/stm32cubeide/plugins/com.st.stm32cube.ide.mcu.externaltools.gnu-tools-for-stm32.7-2018-q2-update.win32_1.0.0.201904181610/tools/bin/../lib/gcc/arm-none-eabi/7.3.1/thumb/v7e-m/fpv4-sp/hard\libgcc.a(_aeabi_uldivmod.o)
                0x0000000008000bbc                __aeabi_uldivmod
 .text          0x0000000008000bec      0x2cc c:/st/stm32cubeide_1.0.2/stm32cubeide/plugins/com.st.stm32cube.ide.mcu.externaltools.gnu-tools-for-stm32.7-2018-q2-update.win32_1.0.0.201904181610/tools/bin/../lib/gcc/arm-none-eabi/7.3.1/thumb/v7e-m/fpv4-sp/hard\libgcc.a(_udivmoddi4.o)
                0x0000000008000bec                __udivmoddi4
 .text          0x0000000008000eb8        0x4 c:/st/stm32cubeide_1.0.2/stm32cubeide/plugins/com.st.stm32cube.ide.mcu.externaltools.gnu-tools-for-stm32.7-2018-q2-update.win32_1.0.0.201904181610/tools/bin/../lib/gcc/arm-none-eabi/7.3.1/thumb/v7e-m/fpv4-sp/hard\libgcc.a(_dvmd_tls.o)
                0x0000000008000eb8                __aeabi_idiv0
                0x0000000008000eb8                __aeabi_ldiv0
 *(.text*)
 .text.SX1272Init
                0x0000000008000ebc       0xbc Drivers/Lora/Radio/sx1272/sx1272.o
                0x0000000008000ebc                SX1272Init
 .text.SX1272GetStatus
                0x0000000008000f78       0x18 Drivers/Lora/Radio/sx1272/sx1272.o
                0x0000000008000f78                SX1272GetStatus
 .text.SX1272SetChannel
                0x0000000008000f90       0x6c Drivers/Lora/Radio/sx1272/sx1272.o
                0x0000000008000f90                SX1272SetChannel
 .text.SX1272IsChannelFree
                0x0000000008000ffc       0x7a Drivers/Lora/Radio/sx1272/sx1272.o
                0x0000000008000ffc                SX1272IsChannelFree
 .text.SX1272Random
                0x0000000008001076       0x5c Drivers/Lora/Radio/sx1272/sx1272.o
                0x0000000008001076                SX1272Random
 *fill*         0x00000000080010d2        0x2 
 .text.GetFskBandwidthRegValue
                0x00000000080010d4       0x58 Drivers/Lora/Radio/sx1272/sx1272.o
 *fill*         0x000000000800112c        0x4 
 .text.SX1272SetRxConfig
                0x0000000008001130      0x3e0 Drivers/Lora/Radio/sx1272/sx1272.o
                0x0000000008001130                SX1272SetRxConfig
 .text.SX1272SetTxConfig
                0x0000000008001510      0x344 Drivers/Lora/Radio/sx1272/sx1272.o
                0x0000000008001510                SX1272SetTxConfig
 *fill*         0x0000000008001854        0x4 
 .text.SX1272GetTimeOnAir
                0x0000000008001858      0x388 Drivers/Lora/Radio/sx1272/sx1272.o
                0x0000000008001858                SX1272GetTimeOnAir
 .text.SX1272Send
                0x0000000008001be0      0x16c Drivers/Lora/Radio/sx1272/sx1272.o
                0x0000000008001be0                SX1272Send
 .text.SX1272SetSleep
                0x0000000008001d4c       0x30 Drivers/Lora/Radio/sx1272/sx1272.o
                0x0000000008001d4c                SX1272SetSleep
 .text.SX1272SetStby
                0x0000000008001d7c       0x30 Drivers/Lora/Radio/sx1272/sx1272.o
                0x0000000008001d7c                SX1272SetStby
 .text.SX1272SetRx
                0x0000000008001dac      0x1d4 Drivers/Lora/Radio/sx1272/sx1272.o
                0x0000000008001dac                SX1272SetRx
 .text.SX1272SetTx
                0x0000000008001f80       0xf0 Drivers/Lora/Radio/sx1272/sx1272.o
                0x0000000008001f80                SX1272SetTx
 .text.SX1272StartCad
                0x0000000008002070       0x4c Drivers/Lora/Radio/sx1272/sx1272.o
                0x0000000008002070                SX1272StartCad
 .text.SX1272SetTxContinuousWave
                0x00000000080020bc       0xa8 Drivers/Lora/Radio/sx1272/sx1272.o
                0x00000000080020bc                SX1272SetTxContinuousWave
 .text.SX1272ReadRssi
                0x0000000008002164       0x56 Drivers/Lora/Radio/sx1272/sx1272.o
                0x0000000008002164                SX1272ReadRssi
 .text.SX1272SetOpMode
                0x00000000080021ba       0x42 Drivers/Lora/Radio/sx1272/sx1272.o
                0x00000000080021ba                SX1272SetOpMode
 .text.SX1272SetModem
                0x00000000080021fc       0xb0 Drivers/Lora/Radio/sx1272/sx1272.o
                0x00000000080021fc                SX1272SetModem
 .text.SX1272Write
                0x00000000080022ac       0x24 Drivers/Lora/Radio/sx1272/sx1272.o
                0x00000000080022ac                SX1272Write
 .text.SX1272Read
                0x00000000080022d0       0x22 Drivers/Lora/Radio/sx1272/sx1272.o
                0x00000000080022d0                SX1272Read
 .text.SX1272WriteBuffer
                0x00000000080022f2       0x1c Drivers/Lora/Radio/sx1272/sx1272.o
                0x00000000080022f2                SX1272WriteBuffer
 .text.SX1272ReadBuffer
                0x000000000800230e       0x1c Drivers/Lora/Radio/sx1272/sx1272.o
                0x000000000800230e                SX1272ReadBuffer
 .text.SX1272WriteFifo
                0x000000000800232a       0x20 Drivers/Lora/Radio/sx1272/sx1272.o
                0x000000000800232a                SX1272WriteFifo
 .text.SX1272ReadFifo
                0x000000000800234a       0x20 Drivers/Lora/Radio/sx1272/sx1272.o
                0x000000000800234a                SX1272ReadFifo
 *fill*         0x000000000800236a        0x2 
 .text.SX1272SetMaxPayloadLength
                0x000000000800236c       0x5c Drivers/Lora/Radio/sx1272/sx1272.o
                0x000000000800236c                SX1272SetMaxPayloadLength
 .text.SX1272SetPublicNetwork
                0x00000000080023c8       0x3c Drivers/Lora/Radio/sx1272/sx1272.o
                0x00000000080023c8                SX1272SetPublicNetwork
 .text.SX1272OnTimeoutIrq
                0x0000000008002404      0x150 Drivers/Lora/Radio/sx1272/sx1272.o
                0x0000000008002404                SX1272OnTimeoutIrq
 .text.SX1272OnDio0Irq
                0x0000000008002554      0x410 Drivers/Lora/Radio/sx1272/sx1272.o
                0x0000000008002554                SX1272OnDio0Irq
 .text.SX1272OnDio1Irq
                0x0000000008002964      0x1c8 Drivers/Lora/Radio/sx1272/sx1272.o
                0x0000000008002964                SX1272OnDio1Irq
 *fill*         0x0000000008002b2c        0x4 
 .text.SX1272OnDio2Irq
                0x0000000008002b30      0x18c Drivers/Lora/Radio/sx1272/sx1272.o
                0x0000000008002b30                SX1272OnDio2Irq
 .text.SX1272OnDio3Irq
                0x0000000008002cbc       0x84 Drivers/Lora/Radio/sx1272/sx1272.o
                0x0000000008002cbc                SX1272OnDio3Irq
 .text.SX1272OnDio4Irq
                0x0000000008002d40       0x3c Drivers/Lora/Radio/sx1272/sx1272.o
                0x0000000008002d40                SX1272OnDio4Irq
 .text.DelayMs  0x0000000008002d7c       0x16 Drivers/Lora/Utilities/delay.o
                0x0000000008002d7c                DelayMs
 .text.TimerInit
                0x0000000008002d92       0x34 Drivers/Lora/Utilities/timeServer.o
                0x0000000008002d92                TimerInit
 .text.TimerStart
                0x0000000008002dc6       0x14 Drivers/Lora/Utilities/timeServer.o
                0x0000000008002dc6                TimerStart
 .text.TimerStop
                0x0000000008002dda       0x14 Drivers/Lora/Utilities/timeServer.o
                0x0000000008002dda                TimerStop
 .text.TimerSetValue
                0x0000000008002dee       0x16 Drivers/Lora/Utilities/timeServer.o
                0x0000000008002dee                TimerSetValue
 .text.TimerGetCurrentTime
                0x0000000008002e04       0x10 Drivers/Lora/Utilities/timeServer.o
                0x0000000008002e04                TimerGetCurrentTime
 .text.TimerGetElapsedTime
                0x0000000008002e14       0x16 Drivers/Lora/Utilities/timeServer.o
                0x0000000008002e14                TimerGetElapsedTime
 .text.memcpy1  0x0000000008002e2a       0x36 Drivers/Lora/Utilities/utilities.o
                0x0000000008002e2a                memcpy1
 .text.HAL_Init
                0x0000000008002e60       0x44 Drivers/STM32F4xx_HAL_Driver/Src/stm32f4xx_hal.o
                0x0000000008002e60                HAL_Init
 .text.HAL_MspInit
                0x0000000008002ea4        0xe Drivers/STM32F4xx_HAL_Driver/Src/stm32f4xx_hal.o
                0x0000000008002ea4                HAL_MspInit
 *fill*         0x0000000008002eb2        0x2 
 .text.HAL_InitTick
                0x0000000008002eb4       0x60 Drivers/STM32F4xx_HAL_Driver/Src/stm32f4xx_hal.o
                0x0000000008002eb4                HAL_InitTick
 .text.HAL_IncTick
                0x0000000008002f14       0x28 Drivers/STM32F4xx_HAL_Driver/Src/stm32f4xx_hal.o
                0x0000000008002f14                HAL_IncTick
 .text.HAL_GetTick
                0x0000000008002f3c       0x18 Drivers/STM32F4xx_HAL_Driver/Src/stm32f4xx_hal.o
                0x0000000008002f3c                HAL_GetTick
 .text.HAL_Delay
                0x0000000008002f54       0x44 Drivers/STM32F4xx_HAL_Driver/Src/stm32f4xx_hal.o
                0x0000000008002f54                HAL_Delay
 .text.__NVIC_SetPriorityGrouping
                0x0000000008002f98       0x48 Drivers/STM32F4xx_HAL_Driver/Src/stm32f4xx_hal_cortex.o
 .text.__NVIC_GetPriorityGrouping
                0x0000000008002fe0       0x1c Drivers/STM32F4xx_HAL_Driver/Src/stm32f4xx_hal_cortex.o
 .text.__NVIC_EnableIRQ
                0x0000000008002ffc       0x3c Drivers/STM32F4xx_HAL_Driver/Src/stm32f4xx_hal_cortex.o
 .text.__NVIC_SetPendingIRQ
                0x0000000008003038       0x3c Drivers/STM32F4xx_HAL_Driver/Src/stm32f4xx_hal_cortex.o
 .text.__NVIC_SetPriority
                0x0000000008003074       0x54 Drivers/STM32F4xx_HAL_Driver/Src/stm32f4xx_hal_cortex.o
 .text.NVIC_EncodePriority
                0x00000000080030c8       0x66 Drivers/STM32F4xx_HAL_Driver/Src/stm32f4xx_hal_cortex.o
 *fill*         0x000000000800312e        0x2 
 .text.SysTick_Config
                0x0000000008003130       0x44 Drivers/STM32F4xx_HAL_Driver/Src/stm32f4xx_hal_cortex.o
 .text.HAL_NVIC_SetPriorityGrouping
                0x0000000008003174       0x16 Drivers/STM32F4xx_HAL_Driver/Src/stm32f4xx_hal_cortex.o
                0x0000000008003174                HAL_NVIC_SetPriorityGrouping
 .text.HAL_NVIC_SetPriority
                0x000000000800318a       0x38 Drivers/STM32F4xx_HAL_Driver/Src/stm32f4xx_hal_cortex.o
                0x000000000800318a                HAL_NVIC_SetPriority
 .text.HAL_NVIC_EnableIRQ
                0x00000000080031c2       0x1c Drivers/STM32F4xx_HAL_Driver/Src/stm32f4xx_hal_cortex.o
                0x00000000080031c2                HAL_NVIC_EnableIRQ
 .text.HAL_SYSTICK_Config
                0x00000000080031de       0x18 Drivers/STM32F4xx_HAL_Driver/Src/stm32f4xx_hal_cortex.o
                0x00000000080031de                HAL_SYSTICK_Config
 .text.HAL_NVIC_SetPendingIRQ
                0x00000000080031f6       0x1c Drivers/STM32F4xx_HAL_Driver/Src/stm32f4xx_hal_cortex.o
                0x00000000080031f6                HAL_NVIC_SetPendingIRQ
 *fill*         0x0000000008003212        0x2 
 .text.HAL_GPIO_Init
                0x0000000008003214      0x304 Drivers/STM32F4xx_HAL_Driver/Src/stm32f4xx_hal_gpio.o
                0x0000000008003214                HAL_GPIO_Init
 .text.HAL_GPIO_WritePin
                0x0000000008003518       0x32 Drivers/STM32F4xx_HAL_Driver/Src/stm32f4xx_hal_gpio.o
                0x0000000008003518                HAL_GPIO_WritePin
 *fill*         0x000000000800354a        0x2 
 .text.HAL_RCC_OscConfig
                0x000000000800354c      0x484 Drivers/STM32F4xx_HAL_Driver/Src/stm32f4xx_hal_rcc.o
                0x000000000800354c                HAL_RCC_OscConfig
 .text.HAL_RCC_ClockConfig
                0x00000000080039d0      0x1c4 Drivers/STM32F4xx_HAL_Driver/Src/stm32f4xx_hal_rcc.o
                0x00000000080039d0                HAL_RCC_ClockConfig
 .text.HAL_RCC_GetSysClockFreq
                0x0000000008003b94      0x164 Drivers/STM32F4xx_HAL_Driver/Src/stm32f4xx_hal_rcc.o
                0x0000000008003b94                HAL_RCC_GetSysClockFreq
 .text.HAL_RCC_GetHCLKFreq
                0x0000000008003cf8       0x18 Drivers/STM32F4xx_HAL_Driver/Src/stm32f4xx_hal_rcc.o
                0x0000000008003cf8                HAL_RCC_GetHCLKFreq
 .text.HAL_RCC_GetPCLK1Freq
                0x0000000008003d10       0x28 Drivers/STM32F4xx_HAL_Driver/Src/stm32f4xx_hal_rcc.o
                0x0000000008003d10                HAL_RCC_GetPCLK1Freq
 .text.HAL_RCC_GetPCLK2Freq
                0x0000000008003d38       0x28 Drivers/STM32F4xx_HAL_Driver/Src/stm32f4xx_hal_rcc.o
                0x0000000008003d38                HAL_RCC_GetPCLK2Freq
 .text.HAL_UART_Init
                0x0000000008003d60       0x9a Drivers/STM32F4xx_HAL_Driver/Src/stm32f4xx_hal_uart.o
                0x0000000008003d60                HAL_UART_Init
 *fill*         0x0000000008003dfa        0x2 
 .text.UART_SetConfig
                0x0000000008003dfc      0x414 Drivers/STM32F4xx_HAL_Driver/Src/stm32f4xx_hal_uart.o
 .text.GPIO_SetIrq
                0x0000000008004210       0x36 Src/gpio.o
                0x0000000008004210                GPIO_SetIrq
 .text.GPIO_Write
                0x0000000008004246       0x24 Src/gpio.o
                0x0000000008004246                GPIO_Write
 *fill*         0x000000000800426a        0x2 
 .text.SX1272IoIrqInit
                0x000000000800426c       0x58 Src/lora_init.o
                0x000000000800426c                SX1272IoIrqInit
 .text.SX1272SetBoardTcxo
                0x00000000080042c4       0x16 Src/lora_init.o
 .text.SX1272Reset
                0x00000000080042da       0x1a Src/lora_init.o
                0x00000000080042da                SX1272Reset
 .text.SX1272SetRfTxPower
                0x00000000080042f4      0x144 Src/lora_init.o
                0x00000000080042f4                SX1272SetRfTxPower
 .text.SX1272GetPaSelect
                0x0000000008004438       0x16 Src/lora_init.o
                0x0000000008004438                SX1272GetPaSelect
 *fill*         0x000000000800444e        0x2 
 .text.SX1272SetAntSw
                0x0000000008004450       0x64 Src/lora_init.o
                0x0000000008004450                SX1272SetAntSw
 .text.SX1272CheckRfFrequency
                0x00000000080044b4       0x16 Src/lora_init.o
                0x00000000080044b4                SX1272CheckRfFrequency
 *fill*         0x00000000080044ca        0x2 
 .text.main     0x00000000080044cc      0x2d4 Src/main.o
                0x00000000080044cc                main
 .text.SystemClock_Config
                0x00000000080047a0       0xa4 Src/main.o
                0x00000000080047a0                SystemClock_Config
 .text.OnTxDone
                0x0000000008004844       0x28 Src/main.o
                0x0000000008004844                OnTxDone
 .text.OnRxDone
                0x000000000800486c       0x88 Src/main.o
                0x000000000800486c                OnRxDone
 .text.OnTxTimeout
                0x00000000080048f4       0x28 Src/main.o
                0x00000000080048f4                OnTxTimeout
 .text.OnRxTimeout
                0x000000000800491c       0x28 Src/main.o
                0x000000000800491c                OnRxTimeout
 .text.OnRxError
                0x0000000008004944       0x28 Src/main.o
                0x0000000008004944                OnRxError
 .text.NMI_Handler
                0x000000000800496c        0xe Src/stm32f4xx_it.o
                0x000000000800496c                NMI_Handler
 .text.HardFault_Handler
                0x000000000800497a        0x6 Src/stm32f4xx_it.o
                0x000000000800497a                HardFault_Handler
 .text.MemManage_Handler
                0x0000000008004980        0x6 Src/stm32f4xx_it.o
                0x0000000008004980                MemManage_Handler
 .text.BusFault_Handler
                0x0000000008004986        0x6 Src/stm32f4xx_it.o
                0x0000000008004986                BusFault_Handler
 .text.UsageFault_Handler
                0x000000000800498c        0x6 Src/stm32f4xx_it.o
                0x000000000800498c                UsageFault_Handler
 .text.SVC_Handler
                0x0000000008004992        0xe Src/stm32f4xx_it.o
                0x0000000008004992                SVC_Handler
 .text.DebugMon_Handler
                0x00000000080049a0        0xe Src/stm32f4xx_it.o
                0x00000000080049a0                DebugMon_Handler
 .text.PendSV_Handler
                0x00000000080049ae        0xe Src/stm32f4xx_it.o
                0x00000000080049ae                PendSV_Handler
 .text.SysTick_Handler
                0x00000000080049bc        0xc Src/stm32f4xx_it.o
                0x00000000080049bc                SysTick_Handler
 .text._sbrk    0x00000000080049c8       0x58 Src/sysmem.o
                0x00000000080049c8                _sbrk
 .text.SystemInit
                0x0000000008004a20       0x6c Src/system_stm32f4xx.o
                0x0000000008004a20                SystemInit
 .text.vcom_Init
                0x0000000008004a8c       0x54 Src/vcom.o
                0x0000000008004a8c                vcom_Init
 .text.vcom_Send
                0x0000000008004ae0       0xf8 Src/vcom.o
                0x0000000008004ae0                vcom_Send
 .text.HAL_UART_MspInit
                0x0000000008004bd8       0x34 Src/vcom.o
                0x0000000008004bd8                HAL_UART_MspInit
 .text.vcom_IoInit
                0x0000000008004c0c       0x94 Src/vcom.o
                0x0000000008004c0c                vcom_IoInit
 .text.Reset_Handler
                0x0000000008004ca0       0x50 Startup/startup_stm32f411vetx.o
                0x0000000008004ca0                Reset_Handler
 .text.Default_Handler
                0x0000000008004cf0        0x2 Startup/startup_stm32f411vetx.o
                0x0000000008004cf0                RTC_Alarm_IRQHandler
                0x0000000008004cf0                EXTI2_IRQHandler
                0x0000000008004cf0                SPI4_IRQHandler
                0x0000000008004cf0                TIM1_CC_IRQHandler
                0x0000000008004cf0                DMA2_Stream5_IRQHandler
                0x0000000008004cf0                DMA1_Stream5_IRQHandler
                0x0000000008004cf0                PVD_IRQHandler
                0x0000000008004cf0                SDIO_IRQHandler
                0x0000000008004cf0                TAMP_STAMP_IRQHandler
                0x0000000008004cf0                EXTI3_IRQHandler
                0x0000000008004cf0                TIM1_UP_TIM10_IRQHandler
                0x0000000008004cf0                I2C3_ER_IRQHandler
                0x0000000008004cf0                EXTI0_IRQHandler
                0x0000000008004cf0                I2C2_EV_IRQHandler
                0x0000000008004cf0                DMA1_Stream2_IRQHandler
                0x0000000008004cf0                FPU_IRQHandler
                0x0000000008004cf0                DMA2_Stream2_IRQHandler
                0x0000000008004cf0                SPI1_IRQHandler
                0x0000000008004cf0                TIM1_BRK_TIM9_IRQHandler
                0x0000000008004cf0                DMA2_Stream3_IRQHandler
                0x0000000008004cf0                USART6_IRQHandler
                0x0000000008004cf0                DMA2_Stream0_IRQHandler
                0x0000000008004cf0                TIM4_IRQHandler
                0x0000000008004cf0                I2C1_EV_IRQHandler
                0x0000000008004cf0                DMA1_Stream6_IRQHandler
                0x0000000008004cf0                DMA1_Stream1_IRQHandler
                0x0000000008004cf0                TIM3_IRQHandler
                0x0000000008004cf0                RCC_IRQHandler
                0x0000000008004cf0                Default_Handler
                0x0000000008004cf0                EXTI15_10_IRQHandler
                0x0000000008004cf0                ADC_IRQHandler
                0x0000000008004cf0                DMA1_Stream7_IRQHandler
                0x0000000008004cf0                SPI5_IRQHandler
                0x0000000008004cf0                TIM5_IRQHandler
                0x0000000008004cf0                DMA2_Stream7_IRQHandler
                0x0000000008004cf0                I2C3_EV_IRQHandler
                0x0000000008004cf0                EXTI9_5_IRQHandler
                0x0000000008004cf0                RTC_WKUP_IRQHandler
                0x0000000008004cf0                SPI2_IRQHandler
                0x0000000008004cf0                DMA1_Stream0_IRQHandler
                0x0000000008004cf0                EXTI4_IRQHandler
                0x0000000008004cf0                WWDG_IRQHandler
                0x0000000008004cf0                TIM2_IRQHandler
                0x0000000008004cf0                OTG_FS_WKUP_IRQHandler
                0x0000000008004cf0                TIM1_TRG_COM_TIM11_IRQHandler
                0x0000000008004cf0                EXTI1_IRQHandler
                0x0000000008004cf0                USART2_IRQHandler
                0x0000000008004cf0                I2C2_ER_IRQHandler
                0x0000000008004cf0                DMA2_Stream1_IRQHandler
                0x0000000008004cf0                FLASH_IRQHandler
                0x0000000008004cf0                DMA2_Stream4_IRQHandler
                0x0000000008004cf0                USART1_IRQHandler
                0x0000000008004cf0                OTG_FS_IRQHandler
                0x0000000008004cf0                SPI3_IRQHandler
                0x0000000008004cf0                DMA1_Stream4_IRQHandler
                0x0000000008004cf0                I2C1_ER_IRQHandler
                0x0000000008004cf0                DMA2_Stream6_IRQHandler
                0x0000000008004cf0                DMA1_Stream3_IRQHandler
 *fill*         0x0000000008004cf2        0x2 
 .text.__errno  0x0000000008004cf4        0xc c:/st/stm32cubeide_1.0.2/stm32cubeide/plugins/com.st.stm32cube.ide.mcu.externaltools.gnu-tools-for-stm32.7-2018-q2-update.win32_1.0.0.201904181610/tools/bin/../lib/gcc/arm-none-eabi/7.3.1/../../../../arm-none-eabi/lib/thumb/v7e-m/fpv4-sp/hard\libc_nano.a(lib_a-errno.o)
                0x0000000008004cf4                __errno
 .text.__libc_init_array
                0x0000000008004d00       0x48 c:/st/stm32cubeide_1.0.2/stm32cubeide/plugins/com.st.stm32cube.ide.mcu.externaltools.gnu-tools-for-stm32.7-2018-q2-update.win32_1.0.0.201904181610/tools/bin/../lib/gcc/arm-none-eabi/7.3.1/../../../../arm-none-eabi/lib/thumb/v7e-m/fpv4-sp/hard\libc_nano.a(lib_a-init.o)
                0x0000000008004d00                __libc_init_array
 .text.memcpy   0x0000000008004d48       0x16 c:/st/stm32cubeide_1.0.2/stm32cubeide/plugins/com.st.stm32cube.ide.mcu.externaltools.gnu-tools-for-stm32.7-2018-q2-update.win32_1.0.0.201904181610/tools/bin/../lib/gcc/arm-none-eabi/7.3.1/../../../../arm-none-eabi/lib/thumb/v7e-m/fpv4-sp/hard\libc_nano.a(lib_a-memcpy-stub.o)
                0x0000000008004d48                memcpy
 .text.memset   0x0000000008004d5e       0x10 c:/st/stm32cubeide_1.0.2/stm32cubeide/plugins/com.st.stm32cube.ide.mcu.externaltools.gnu-tools-for-stm32.7-2018-q2-update.win32_1.0.0.201904181610/tools/bin/../lib/gcc/arm-none-eabi/7.3.1/../../../../arm-none-eabi/lib/thumb/v7e-m/fpv4-sp/hard\libc_nano.a(lib_a-memset.o)
                0x0000000008004d5e                memset
 .text.strncmp  0x0000000008004d6e       0x24 c:/st/stm32cubeide_1.0.2/stm32cubeide/plugins/com.st.stm32cube.ide.mcu.externaltools.gnu-tools-for-stm32.7-2018-q2-update.win32_1.0.0.201904181610/tools/bin/../lib/gcc/arm-none-eabi/7.3.1/../../../../arm-none-eabi/lib/thumb/v7e-m/fpv4-sp/hard\libc_nano.a(lib_a-strncmp.o)
                0x0000000008004d6e                strncmp
 *fill*         0x0000000008004d92        0x2 
 .text._vsprintf_r
                0x0000000008004d94       0x2c c:/st/stm32cubeide_1.0.2/stm32cubeide/plugins/com.st.stm32cube.ide.mcu.externaltools.gnu-tools-for-stm32.7-2018-q2-update.win32_1.0.0.201904181610/tools/bin/../lib/gcc/arm-none-eabi/7.3.1/../../../../arm-none-eabi/lib/thumb/v7e-m/fpv4-sp/hard\libc_nano.a(lib_a-vsprintf.o)
                0x0000000008004d94                _vsprintf_r
                0x0000000008004d94                _vsiprintf_r
 .text.vsprintf
                0x0000000008004dc0       0x14 c:/st/stm32cubeide_1.0.2/stm32cubeide/plugins/com.st.stm32cube.ide.mcu.externaltools.gnu-tools-for-stm32.7-2018-q2-update.win32_1.0.0.201904181610/tools/bin/../lib/gcc/arm-none-eabi/7.3.1/../../../../arm-none-eabi/lib/thumb/v7e-m/fpv4-sp/hard\libc_nano.a(lib_a-vsprintf.o)
                0x0000000008004dc0                vsiprintf
                0x0000000008004dc0                vsprintf
 .text.__ssputs_r
                0x0000000008004dd4       0xb4 c:/st/stm32cubeide_1.0.2/stm32cubeide/plugins/com.st.stm32cube.ide.mcu.externaltools.gnu-tools-for-stm32.7-2018-q2-update.win32_1.0.0.201904181610/tools/bin/../lib/gcc/arm-none-eabi/7.3.1/../../../../arm-none-eabi/lib/thumb/v7e-m/fpv4-sp/hard\libc_nano.a(lib_a-nano-svfprintf.o)
                0x0000000008004dd4                __ssputs_r
 .text._svfprintf_r
                0x0000000008004e88      0x1f0 c:/st/stm32cubeide_1.0.2/stm32cubeide/plugins/com.st.stm32cube.ide.mcu.externaltools.gnu-tools-for-stm32.7-2018-q2-update.win32_1.0.0.201904181610/tools/bin/../lib/gcc/arm-none-eabi/7.3.1/../../../../arm-none-eabi/lib/thumb/v7e-m/fpv4-sp/hard\libc_nano.a(lib_a-nano-svfprintf.o)
                0x0000000008004e88                _svfiprintf_r
                0x0000000008004e88                _svfprintf_r
 .text._printf_common
                0x0000000008005078       0xea c:/st/stm32cubeide_1.0.2/stm32cubeide/plugins/com.st.stm32cube.ide.mcu.externaltools.gnu-tools-for-stm32.7-2018-q2-update.win32_1.0.0.201904181610/tools/bin/../lib/gcc/arm-none-eabi/7.3.1/../../../../arm-none-eabi/lib/thumb/v7e-m/fpv4-sp/hard\libc_nano.a(lib_a-nano-vfprintf_i.o)
                0x0000000008005078                _printf_common
 *fill*         0x0000000008005162        0x2 
 .text._printf_i
                0x0000000008005164      0x224 c:/st/stm32cubeide_1.0.2/stm32cubeide/plugins/com.st.stm32cube.ide.mcu.externaltools.gnu-tools-for-stm32.7-2018-q2-update.win32_1.0.0.201904181610/tools/bin/../lib/gcc/arm-none-eabi/7.3.1/../../../../arm-none-eabi/lib/thumb/v7e-m/fpv4-sp/hard\libc_nano.a(lib_a-nano-vfprintf_i.o)
                0x0000000008005164                _printf_i
 .text.memmove  0x0000000008005388       0x32 c:/st/stm32cubeide_1.0.2/stm32cubeide/plugins/com.st.stm32cube.ide.mcu.externaltools.gnu-tools-for-stm32.7-2018-q2-update.win32_1.0.0.201904181610/tools/bin/../lib/gcc/arm-none-eabi/7.3.1/../../../../arm-none-eabi/lib/thumb/v7e-m/fpv4-sp/hard\libc_nano.a(lib_a-memmove.o)
                0x0000000008005388                memmove
 *fill*         0x00000000080053ba        0x2 
 .text._free_r  0x00000000080053bc       0x9c c:/st/stm32cubeide_1.0.2/stm32cubeide/plugins/com.st.stm32cube.ide.mcu.externaltools.gnu-tools-for-stm32.7-2018-q2-update.win32_1.0.0.201904181610/tools/bin/../lib/gcc/arm-none-eabi/7.3.1/../../../../arm-none-eabi/lib/thumb/v7e-m/fpv4-sp/hard\libc_nano.a(lib_a-nano-freer.o)
                0x00000000080053bc                _free_r
 .text._malloc_r
                0x0000000008005458       0xb4 c:/st/stm32cubeide_1.0.2/stm32cubeide/plugins/com.st.stm32cube.ide.mcu.externaltools.gnu-tools-for-stm32.7-2018-q2-update.win32_1.0.0.201904181610/tools/bin/../lib/gcc/arm-none-eabi/7.3.1/../../../../arm-none-eabi/lib/thumb/v7e-m/fpv4-sp/hard\libc_nano.a(lib_a-nano-mallocr.o)
                0x0000000008005458                _malloc_r
 .text._realloc_r
                0x000000000800550c       0x4c c:/st/stm32cubeide_1.0.2/stm32cubeide/plugins/com.st.stm32cube.ide.mcu.externaltools.gnu-tools-for-stm32.7-2018-q2-update.win32_1.0.0.201904181610/tools/bin/../lib/gcc/arm-none-eabi/7.3.1/../../../../arm-none-eabi/lib/thumb/v7e-m/fpv4-sp/hard\libc_nano.a(lib_a-nano-reallocr.o)
                0x000000000800550c                _realloc_r
 .text._sbrk_r  0x0000000008005558       0x20 c:/st/stm32cubeide_1.0.2/stm32cubeide/plugins/com.st.stm32cube.ide.mcu.externaltools.gnu-tools-for-stm32.7-2018-q2-update.win32_1.0.0.201904181610/tools/bin/../lib/gcc/arm-none-eabi/7.3.1/../../../../arm-none-eabi/lib/thumb/v7e-m/fpv4-sp/hard\libc_nano.a(lib_a-sbrkr.o)
                0x0000000008005558                _sbrk_r
 .text.__malloc_lock
                0x0000000008005578        0x2 c:/st/stm32cubeide_1.0.2/stm32cubeide/plugins/com.st.stm32cube.ide.mcu.externaltools.gnu-tools-for-stm32.7-2018-q2-update.win32_1.0.0.201904181610/tools/bin/../lib/gcc/arm-none-eabi/7.3.1/../../../../arm-none-eabi/lib/thumb/v7e-m/fpv4-sp/hard\libc_nano.a(lib_a-mlock.o)
                0x0000000008005578                __malloc_lock
 .text.__malloc_unlock
                0x000000000800557a        0x2 c:/st/stm32cubeide_1.0.2/stm32cubeide/plugins/com.st.stm32cube.ide.mcu.externaltools.gnu-tools-for-stm32.7-2018-q2-update.win32_1.0.0.201904181610/tools/bin/../lib/gcc/arm-none-eabi/7.3.1/../../../../arm-none-eabi/lib/thumb/v7e-m/fpv4-sp/hard\libc_nano.a(lib_a-mlock.o)
                0x000000000800557a                __malloc_unlock
 .text._malloc_usable_size_r
                0x000000000800557c       0x10 c:/st/stm32cubeide_1.0.2/stm32cubeide/plugins/com.st.stm32cube.ide.mcu.externaltools.gnu-tools-for-stm32.7-2018-q2-update.win32_1.0.0.201904181610/tools/bin/../lib/gcc/arm-none-eabi/7.3.1/../../../../arm-none-eabi/lib/thumb/v7e-m/fpv4-sp/hard\libc_nano.a(lib_a-nano-msizer.o)
                0x000000000800557c                _malloc_usable_size_r
 *fill*         0x000000000800558c        0x4 
 .text.ceil     0x0000000008005590      0x100 c:/st/stm32cubeide_1.0.2/stm32cubeide/plugins/com.st.stm32cube.ide.mcu.externaltools.gnu-tools-for-stm32.7-2018-q2-update.win32_1.0.0.201904181610/tools/bin/../lib/gcc/arm-none-eabi/7.3.1/../../../../arm-none-eabi/lib/thumb/v7e-m/fpv4-sp/hard\libm.a(lib_a-s_ceil.o)
                0x0000000008005590                ceil
 .text.floor    0x0000000008005690      0x108 c:/st/stm32cubeide_1.0.2/stm32cubeide/plugins/com.st.stm32cube.ide.mcu.externaltools.gnu-tools-for-stm32.7-2018-q2-update.win32_1.0.0.201904181610/tools/bin/../lib/gcc/arm-none-eabi/7.3.1/../../../../arm-none-eabi/lib/thumb/v7e-m/fpv4-sp/hard\libm.a(lib_a-s_floor.o)
                0x0000000008005690                floor
 .text.round    0x0000000008005798       0x94 c:/st/stm32cubeide_1.0.2/stm32cubeide/plugins/com.st.stm32cube.ide.mcu.externaltools.gnu-tools-for-stm32.7-2018-q2-update.win32_1.0.0.201904181610/tools/bin/../lib/gcc/arm-none-eabi/7.3.1/../../../../arm-none-eabi/lib/thumb/v7e-m/fpv4-sp/hard\libm.a(lib_a-s_round.o)
                0x0000000008005798                round
 *(.glue_7)
 .glue_7        0x000000000800582c        0x0 linker stubs
 *(.glue_7t)
 .glue_7t       0x000000000800582c        0x0 linker stubs
 *(.eh_frame)
 .eh_frame      0x000000000800582c        0x0 c:/st/stm32cubeide_1.0.2/stm32cubeide/plugins/com.st.stm32cube.ide.mcu.externaltools.gnu-tools-for-stm32.7-2018-q2-update.win32_1.0.0.201904181610/tools/bin/../lib/gcc/arm-none-eabi/7.3.1/thumb/v7e-m/fpv4-sp/hard/crtbegin.o
 *(.init)
 .init          0x000000000800582c        0x4 c:/st/stm32cubeide_1.0.2/stm32cubeide/plugins/com.st.stm32cube.ide.mcu.externaltools.gnu-tools-for-stm32.7-2018-q2-update.win32_1.0.0.201904181610/tools/bin/../lib/gcc/arm-none-eabi/7.3.1/thumb/v7e-m/fpv4-sp/hard/crti.o
                0x000000000800582c                _init
 .init          0x0000000008005830        0x8 c:/st/stm32cubeide_1.0.2/stm32cubeide/plugins/com.st.stm32cube.ide.mcu.externaltools.gnu-tools-for-stm32.7-2018-q2-update.win32_1.0.0.201904181610/tools/bin/../lib/gcc/arm-none-eabi/7.3.1/thumb/v7e-m/fpv4-sp/hard/crtn.o
 *(.fini)
 .fini          0x0000000008005838        0x4 c:/st/stm32cubeide_1.0.2/stm32cubeide/plugins/com.st.stm32cube.ide.mcu.externaltools.gnu-tools-for-stm32.7-2018-q2-update.win32_1.0.0.201904181610/tools/bin/../lib/gcc/arm-none-eabi/7.3.1/thumb/v7e-m/fpv4-sp/hard/crti.o
                0x0000000008005838                _fini
 .fini          0x000000000800583c        0x8 c:/st/stm32cubeide_1.0.2/stm32cubeide/plugins/com.st.stm32cube.ide.mcu.externaltools.gnu-tools-for-stm32.7-2018-q2-update.win32_1.0.0.201904181610/tools/bin/../lib/gcc/arm-none-eabi/7.3.1/thumb/v7e-m/fpv4-sp/hard/crtn.o
                0x0000000008005844                . = ALIGN (0x4)
                0x0000000008005844                _etext = .

.vfp11_veneer   0x0000000008005844        0x0
 .vfp11_veneer  0x0000000008005844        0x0 linker stubs

.v4_bx          0x0000000008005844        0x0
 .v4_bx         0x0000000008005844        0x0 linker stubs

.iplt           0x0000000008005844        0x0
 .iplt          0x0000000008005844        0x0 c:/st/stm32cubeide_1.0.2/stm32cubeide/plugins/com.st.stm32cube.ide.mcu.externaltools.gnu-tools-for-stm32.7-2018-q2-update.win32_1.0.0.201904181610/tools/bin/../lib/gcc/arm-none-eabi/7.3.1/thumb/v7e-m/fpv4-sp/hard/crtbegin.o

.rodata         0x0000000008005844      0x21c
                0x0000000008005844                . = ALIGN (0x4)
 *(.rodata)
 .rodata        0x0000000008005844       0x7b Src/main.o
 *(.rodata*)
 *fill*         0x00000000080058bf        0x1 
 .rodata.RadioRegsInit
                0x00000000080058c0       0x30 Drivers/Lora/Radio/sx1272/sx1272.o
                0x00000000080058c0                RadioRegsInit
 .rodata.FskBandwidths
                0x00000000080058f0       0xb0 Drivers/Lora/Radio/sx1272/sx1272.o
                0x00000000080058f0                FskBandwidths
 .rodata.Radio  0x00000000080059a0       0x64 Src/lora_init.o
                0x00000000080059a0                Radio
 .rodata.PingMsg
                0x0000000008005a04        0x5 Src/main.o
                0x0000000008005a04                PingMsg
 *fill*         0x0000000008005a09        0x3 
 .rodata.PongMsg
                0x0000000008005a0c        0x5 Src/main.o
                0x0000000008005a0c                PongMsg
 *fill*         0x0000000008005a11        0x3 
 .rodata.AHBPrescTable
                0x0000000008005a14       0x10 Src/system_stm32f4xx.o
                0x0000000008005a14                AHBPrescTable
 .rodata.APBPrescTable
                0x0000000008005a24        0x8 Src/system_stm32f4xx.o
                0x0000000008005a24                APBPrescTable
 .rodata._svfprintf_r.str1.1
                0x0000000008005a2c       0x11 c:/st/stm32cubeide_1.0.2/stm32cubeide/plugins/com.st.stm32cube.ide.mcu.externaltools.gnu-tools-for-stm32.7-2018-q2-update.win32_1.0.0.201904181610/tools/bin/../lib/gcc/arm-none-eabi/7.3.1/../../../../arm-none-eabi/lib/thumb/v7e-m/fpv4-sp/hard\libc_nano.a(lib_a-nano-svfprintf.o)
 .rodata._printf_i.str1.1
                0x0000000008005a3d       0x22 c:/st/stm32cubeide_1.0.2/stm32cubeide/plugins/com.st.stm32cube.ide.mcu.externaltools.gnu-tools-for-stm32.7-2018-q2-update.win32_1.0.0.201904181610/tools/bin/../lib/gcc/arm-none-eabi/7.3.1/../../../../arm-none-eabi/lib/thumb/v7e-m/fpv4-sp/hard\libc_nano.a(lib_a-nano-vfprintf_i.o)
                0x0000000008005a60                . = ALIGN (0x4)
 *fill*         0x0000000008005a5f        0x1 

.ARM.extab      0x0000000008005a60        0x0
                0x0000000008005a60                . = ALIGN (0x4)
 *(.ARM.extab* .gnu.linkonce.armextab.*)
                0x0000000008005a60                . = ALIGN (0x4)

.ARM            0x0000000008005a60        0x8
                0x0000000008005a60                . = ALIGN (0x4)
                0x0000000008005a60                __exidx_start = .
 *(.ARM.exidx*)
 .ARM.exidx     0x0000000008005a60        0x8 c:/st/stm32cubeide_1.0.2/stm32cubeide/plugins/com.st.stm32cube.ide.mcu.externaltools.gnu-tools-for-stm32.7-2018-q2-update.win32_1.0.0.201904181610/tools/bin/../lib/gcc/arm-none-eabi/7.3.1/thumb/v7e-m/fpv4-sp/hard\libgcc.a(_udivmoddi4.o)
                0x0000000008005a68                __exidx_end = .
                0x0000000008005a68                . = ALIGN (0x4)

.rel.dyn        0x0000000008005a68        0x0
 .rel.iplt      0x0000000008005a68        0x0 c:/st/stm32cubeide_1.0.2/stm32cubeide/plugins/com.st.stm32cube.ide.mcu.externaltools.gnu-tools-for-stm32.7-2018-q2-update.win32_1.0.0.201904181610/tools/bin/../lib/gcc/arm-none-eabi/7.3.1/thumb/v7e-m/fpv4-sp/hard/crtbegin.o

.preinit_array  0x0000000008005a68        0x0
                0x0000000008005a68                . = ALIGN (0x4)
                0x0000000008005a68                PROVIDE (__preinit_array_start = .)
 *(.preinit_array*)
                0x0000000008005a68                PROVIDE (__preinit_array_end = .)
                0x0000000008005a68                . = ALIGN (0x4)

.init_array     0x0000000008005a68        0x4
                0x0000000008005a68                . = ALIGN (0x4)
                0x0000000008005a68                PROVIDE (__init_array_start = .)
 *(SORT_BY_NAME(.init_array.*))
 *(.init_array*)
 .init_array    0x0000000008005a68        0x4 c:/st/stm32cubeide_1.0.2/stm32cubeide/plugins/com.st.stm32cube.ide.mcu.externaltools.gnu-tools-for-stm32.7-2018-q2-update.win32_1.0.0.201904181610/tools/bin/../lib/gcc/arm-none-eabi/7.3.1/thumb/v7e-m/fpv4-sp/hard/crtbegin.o
                0x0000000008005a6c                PROVIDE (__init_array_end = .)
                0x0000000008005a6c                . = ALIGN (0x4)

.fini_array     0x0000000008005a6c        0x4
                0x0000000008005a6c                . = ALIGN (0x4)
                [!provide]                        PROVIDE (__fini_array_start = .)
 *(SORT_BY_NAME(.fini_array.*))
 *(.fini_array*)
 .fini_array    0x0000000008005a6c        0x4 c:/st/stm32cubeide_1.0.2/stm32cubeide/plugins/com.st.stm32cube.ide.mcu.externaltools.gnu-tools-for-stm32.7-2018-q2-update.win32_1.0.0.201904181610/tools/bin/../lib/gcc/arm-none-eabi/7.3.1/thumb/v7e-m/fpv4-sp/hard/crtbegin.o
                [!provide]                        PROVIDE (__fini_array_end = .)
                0x0000000008005a70                . = ALIGN (0x4)
                0x0000000008005a70                _sidata = LOADADDR (.data)

.data           0x0000000020000000       0x88 load address 0x0000000008005a70
                0x0000000020000000                . = ALIGN (0x4)
                0x0000000020000000                _sdata = .
 *(.data)
 *(.data*)
 .data.DioIrq   0x0000000020000000       0x18 Drivers/Lora/Radio/sx1272/sx1272.o
                0x0000000020000000                DioIrq
 .data.uwTickPrio
                0x0000000020000018        0x4 Drivers/STM32F4xx_HAL_Driver/Src/stm32f4xx_hal.o
                0x0000000020000018                uwTickPrio
 .data.uwTickFreq
                0x000000002000001c        0x1 Drivers/STM32F4xx_HAL_Driver/Src/stm32f4xx_hal.o
                0x000000002000001c                uwTickFreq
 *fill*         0x000000002000001d        0x1 
 .data.BufferSize
                0x000000002000001e        0x2 Src/main.o
                0x000000002000001e                BufferSize
 .data.SystemCoreClock
                0x0000000020000020        0x4 Src/system_stm32f4xx.o
                0x0000000020000020                SystemCoreClock
 .data._impure_ptr
                0x0000000020000024        0x4 c:/st/stm32cubeide_1.0.2/stm32cubeide/plugins/com.st.stm32cube.ide.mcu.externaltools.gnu-tools-for-stm32.7-2018-q2-update.win32_1.0.0.201904181610/tools/bin/../lib/gcc/arm-none-eabi/7.3.1/../../../../arm-none-eabi/lib/thumb/v7e-m/fpv4-sp/hard\libc_nano.a(lib_a-impure.o)
                0x0000000020000024                _impure_ptr
 .data.impure_data
                0x0000000020000028       0x60 c:/st/stm32cubeide_1.0.2/stm32cubeide/plugins/com.st.stm32cube.ide.mcu.externaltools.gnu-tools-for-stm32.7-2018-q2-update.win32_1.0.0.201904181610/tools/bin/../lib/gcc/arm-none-eabi/7.3.1/../../../../arm-none-eabi/lib/thumb/v7e-m/fpv4-sp/hard\libc_nano.a(lib_a-impure.o)
                0x0000000020000088                . = ALIGN (0x4)
                0x0000000020000088                _edata = .

.igot.plt       0x0000000020000088        0x0 load address 0x0000000008005af8
 .igot.plt      0x0000000020000088        0x0 c:/st/stm32cubeide_1.0.2/stm32cubeide/plugins/com.st.stm32cube.ide.mcu.externaltools.gnu-tools-for-stm32.7-2018-q2-update.win32_1.0.0.201904181610/tools/bin/../lib/gcc/arm-none-eabi/7.3.1/thumb/v7e-m/fpv4-sp/hard/crtbegin.o
                0x0000000020000088                . = ALIGN (0x4)

.bss            0x0000000020000088      0x404 load address 0x0000000008005af8
                0x0000000020000088                _sbss = .
                0x0000000020000088                __bss_start__ = _sbss
 *(.bss)
 .bss           0x0000000020000088       0x1c c:/st/stm32cubeide_1.0.2/stm32cubeide/plugins/com.st.stm32cube.ide.mcu.externaltools.gnu-tools-for-stm32.7-2018-q2-update.win32_1.0.0.201904181610/tools/bin/../lib/gcc/arm-none-eabi/7.3.1/thumb/v7e-m/fpv4-sp/hard/crtbegin.o
 *(.bss*)
 .bss.RadioEvents
                0x00000000200000a4        0x4 Drivers/Lora/Radio/sx1272/sx1272.o
 .bss.RxTxBuffer
                0x00000000200000a8      0x100 Drivers/Lora/Radio/sx1272/sx1272.o
 .bss.State     0x00000000200001a8        0x1 Src/main.o
                0x00000000200001a8                State
 .bss.RssiValue
                0x00000000200001a9        0x1 Src/main.o
                0x00000000200001a9                RssiValue
 .bss.SnrValue  0x00000000200001aa        0x1 Src/main.o
                0x00000000200001aa                SnrValue
 *fill*         0x00000000200001ab        0x1 
 .bss.RadioEvents
                0x00000000200001ac       0x1c Src/main.o
 .bss.heap_end.6424
                0x00000000200001c8        0x4 Src/sysmem.o
 .bss.buff      0x00000000200001cc      0x100 Src/vcom.o
 .bss.iw        0x00000000200002cc        0x2 Src/vcom.o
                0x00000000200002cc                iw
 *fill*         0x00000000200002ce        0x2 
 .bss.UartHandle
                0x00000000200002d0       0x40 Src/vcom.o
 .bss.__malloc_free_list
                0x0000000020000310        0x4 c:/st/stm32cubeide_1.0.2/stm32cubeide/plugins/com.st.stm32cube.ide.mcu.externaltools.gnu-tools-for-stm32.7-2018-q2-update.win32_1.0.0.201904181610/tools/bin/../lib/gcc/arm-none-eabi/7.3.1/../../../../arm-none-eabi/lib/thumb/v7e-m/fpv4-sp/hard\libc_nano.a(lib_a-nano-mallocr.o)
                0x0000000020000310                __malloc_free_list
 .bss.__malloc_sbrk_start
                0x0000000020000314        0x4 c:/st/stm32cubeide_1.0.2/stm32cubeide/plugins/com.st.stm32cube.ide.mcu.externaltools.gnu-tools-for-stm32.7-2018-q2-update.win32_1.0.0.201904181610/tools/bin/../lib/gcc/arm-none-eabi/7.3.1/../../../../arm-none-eabi/lib/thumb/v7e-m/fpv4-sp/hard\libc_nano.a(lib_a-nano-mallocr.o)
                0x0000000020000314                __malloc_sbrk_start
 *(COMMON)
 COMMON         0x0000000020000318      0x12c Drivers/Lora/Radio/sx1272/sx1272.o
                0x0000000020000318                SX1272
                0x0000000020000408                TxTimeoutTimer
                0x000000002000041c                RxTimeoutSyncWord
                0x0000000020000430                RxTimeoutTimer
 COMMON         0x0000000020000444        0x4 Drivers/STM32F4xx_HAL_Driver/Src/stm32f4xx_hal.o
                0x0000000020000444                uwTick
 COMMON         0x0000000020000448       0x40 Src/main.o
                0x0000000020000448                Buffer
 COMMON         0x0000000020000488        0x4 c:/st/stm32cubeide_1.0.2/stm32cubeide/plugins/com.st.stm32cube.ide.mcu.externaltools.gnu-tools-for-stm32.7-2018-q2-update.win32_1.0.0.201904181610/tools/bin/../lib/gcc/arm-none-eabi/7.3.1/../../../../arm-none-eabi/lib/thumb/v7e-m/fpv4-sp/hard\libc_nano.a(lib_a-reent.o)
                0x0000000020000488                errno
                0x000000002000048c                . = ALIGN (0x4)
                0x000000002000048c                _ebss = .
                0x000000002000048c                __bss_end__ = _ebss

._user_heap_stack
                0x000000002000048c      0x604 load address 0x0000000008005af8
                0x0000000020000490                . = ALIGN (0x8)
 *fill*         0x000000002000048c        0x4 
                0x0000000020000490                PROVIDE (end = .)
                [!provide]                        PROVIDE (_end = .)
                0x0000000020000690                . = (. + _Min_Heap_Size)
 *fill*         0x0000000020000490      0x200 
                0x0000000020000a90                . = (. + _Min_Stack_Size)
 *fill*         0x0000000020000690      0x400 
                0x0000000020000a90                . = ALIGN (0x8)

/DISCARD/
 libc.a(*)
 libm.a(*)
 libgcc.a(*)

.ARM.attributes
                0x0000000000000000       0x30
 *(.ARM.attributes)
 .ARM.attributes
                0x0000000000000000       0x22 c:/st/stm32cubeide_1.0.2/stm32cubeide/plugins/com.st.stm32cube.ide.mcu.externaltools.gnu-tools-for-stm32.7-2018-q2-update.win32_1.0.0.201904181610/tools/bin/../lib/gcc/arm-none-eabi/7.3.1/thumb/v7e-m/fpv4-sp/hard/crti.o
 .ARM.attributes
                0x0000000000000022       0x34 c:/st/stm32cubeide_1.0.2/stm32cubeide/plugins/com.st.stm32cube.ide.mcu.externaltools.gnu-tools-for-stm32.7-2018-q2-update.win32_1.0.0.201904181610/tools/bin/../lib/gcc/arm-none-eabi/7.3.1/thumb/v7e-m/fpv4-sp/hard/crtbegin.o
 .ARM.attributes
                0x0000000000000056       0x39 Drivers/Lora/Radio/sx1272/sx1272.o
 .ARM.attributes
                0x000000000000008f       0x39 Drivers/Lora/Utilities/delay.o
 .ARM.attributes
                0x00000000000000c8       0x39 Drivers/Lora/Utilities/timeServer.o
 .ARM.attributes
                0x0000000000000101       0x39 Drivers/Lora/Utilities/utilities.o
 .ARM.attributes
                0x000000000000013a       0x39 Drivers/STM32F4xx_HAL_Driver/Src/stm32f4xx_hal.o
 .ARM.attributes
                0x0000000000000173       0x39 Drivers/STM32F4xx_HAL_Driver/Src/stm32f4xx_hal_cortex.o
 .ARM.attributes
                0x00000000000001ac       0x39 Drivers/STM32F4xx_HAL_Driver/Src/stm32f4xx_hal_gpio.o
 .ARM.attributes
                0x00000000000001e5       0x39 Drivers/STM32F4xx_HAL_Driver/Src/stm32f4xx_hal_rcc.o
 .ARM.attributes
                0x000000000000021e       0x39 Drivers/STM32F4xx_HAL_Driver/Src/stm32f4xx_hal_uart.o
 .ARM.attributes
                0x0000000000000257       0x39 Src/gpio.o
 .ARM.attributes
                0x0000000000000290       0x39 Src/lora_init.o
 .ARM.attributes
                0x00000000000002c9       0x39 Src/main.o
 .ARM.attributes
                0x0000000000000302       0x39 Src/stm32f4xx_it.o
 .ARM.attributes
                0x000000000000033b       0x39 Src/sysmem.o
 .ARM.attributes
                0x0000000000000374       0x39 Src/system_stm32f4xx.o
 .ARM.attributes
                0x00000000000003ad       0x39 Src/vcom.o
 .ARM.attributes
                0x00000000000003e6       0x21 Startup/startup_stm32f411vetx.o
 .ARM.attributes
                0x0000000000000407       0x34 c:/st/stm32cubeide_1.0.2/stm32cubeide/plugins/com.st.stm32cube.ide.mcu.externaltools.gnu-tools-for-stm32.7-2018-q2-update.win32_1.0.0.201904181610/tools/bin/../lib/gcc/arm-none-eabi/7.3.1/../../../../arm-none-eabi/lib/thumb/v7e-m/fpv4-sp/hard\libc_nano.a(lib_a-errno.o)
 .ARM.attributes
                0x000000000000043b       0x34 c:/st/stm32cubeide_1.0.2/stm32cubeide/plugins/com.st.stm32cube.ide.mcu.externaltools.gnu-tools-for-stm32.7-2018-q2-update.win32_1.0.0.201904181610/tools/bin/../lib/gcc/arm-none-eabi/7.3.1/../../../../arm-none-eabi/lib/thumb/v7e-m/fpv4-sp/hard\libc_nano.a(lib_a-impure.o)
 .ARM.attributes
                0x000000000000046f       0x34 c:/st/stm32cubeide_1.0.2/stm32cubeide/plugins/com.st.stm32cube.ide.mcu.externaltools.gnu-tools-for-stm32.7-2018-q2-update.win32_1.0.0.201904181610/tools/bin/../lib/gcc/arm-none-eabi/7.3.1/../../../../arm-none-eabi/lib/thumb/v7e-m/fpv4-sp/hard\libc_nano.a(lib_a-init.o)
 .ARM.attributes
                0x00000000000004a3       0x34 c:/st/stm32cubeide_1.0.2/stm32cubeide/plugins/com.st.stm32cube.ide.mcu.externaltools.gnu-tools-for-stm32.7-2018-q2-update.win32_1.0.0.201904181610/tools/bin/../lib/gcc/arm-none-eabi/7.3.1/../../../../arm-none-eabi/lib/thumb/v7e-m/fpv4-sp/hard\libc_nano.a(lib_a-memcpy-stub.o)
 .ARM.attributes
                0x00000000000004d7       0x34 c:/st/stm32cubeide_1.0.2/stm32cubeide/plugins/com.st.stm32cube.ide.mcu.externaltools.gnu-tools-for-stm32.7-2018-q2-update.win32_1.0.0.201904181610/tools/bin/../lib/gcc/arm-none-eabi/7.3.1/../../../../arm-none-eabi/lib/thumb/v7e-m/fpv4-sp/hard\libc_nano.a(lib_a-memset.o)
 .ARM.attributes
                0x000000000000050b       0x34 c:/st/stm32cubeide_1.0.2/stm32cubeide/plugins/com.st.stm32cube.ide.mcu.externaltools.gnu-tools-for-stm32.7-2018-q2-update.win32_1.0.0.201904181610/tools/bin/../lib/gcc/arm-none-eabi/7.3.1/../../../../arm-none-eabi/lib/thumb/v7e-m/fpv4-sp/hard\libc_nano.a(lib_a-strncmp.o)
 .ARM.attributes
                0x000000000000053f       0x34 c:/st/stm32cubeide_1.0.2/stm32cubeide/plugins/com.st.stm32cube.ide.mcu.externaltools.gnu-tools-for-stm32.7-2018-q2-update.win32_1.0.0.201904181610/tools/bin/../lib/gcc/arm-none-eabi/7.3.1/../../../../arm-none-eabi/lib/thumb/v7e-m/fpv4-sp/hard\libc_nano.a(lib_a-vsprintf.o)
 .ARM.attributes
                0x0000000000000573       0x34 c:/st/stm32cubeide_1.0.2/stm32cubeide/plugins/com.st.stm32cube.ide.mcu.externaltools.gnu-tools-for-stm32.7-2018-q2-update.win32_1.0.0.201904181610/tools/bin/../lib/gcc/arm-none-eabi/7.3.1/../../../../arm-none-eabi/lib/thumb/v7e-m/fpv4-sp/hard\libc_nano.a(lib_a-nano-svfprintf.o)
 .ARM.attributes
                0x00000000000005a7       0x34 c:/st/stm32cubeide_1.0.2/stm32cubeide/plugins/com.st.stm32cube.ide.mcu.externaltools.gnu-tools-for-stm32.7-2018-q2-update.win32_1.0.0.201904181610/tools/bin/../lib/gcc/arm-none-eabi/7.3.1/../../../../arm-none-eabi/lib/thumb/v7e-m/fpv4-sp/hard\libc_nano.a(lib_a-nano-vfprintf_i.o)
 .ARM.attributes
                0x00000000000005db       0x20 c:/st/stm32cubeide_1.0.2/stm32cubeide/plugins/com.st.stm32cube.ide.mcu.externaltools.gnu-tools-for-stm32.7-2018-q2-update.win32_1.0.0.201904181610/tools/bin/../lib/gcc/arm-none-eabi/7.3.1/../../../../arm-none-eabi/lib/thumb/v7e-m/fpv4-sp/hard\libc_nano.a(lib_a-memchr.o)
 .ARM.attributes
                0x00000000000005fb       0x34 c:/st/stm32cubeide_1.0.2/stm32cubeide/plugins/com.st.stm32cube.ide.mcu.externaltools.gnu-tools-for-stm32.7-2018-q2-update.win32_1.0.0.201904181610/tools/bin/../lib/gcc/arm-none-eabi/7.3.1/../../../../arm-none-eabi/lib/thumb/v7e-m/fpv4-sp/hard\libc_nano.a(lib_a-memmove.o)
 .ARM.attributes
                0x000000000000062f       0x34 c:/st/stm32cubeide_1.0.2/stm32cubeide/plugins/com.st.stm32cube.ide.mcu.externaltools.gnu-tools-for-stm32.7-2018-q2-update.win32_1.0.0.201904181610/tools/bin/../lib/gcc/arm-none-eabi/7.3.1/../../../../arm-none-eabi/lib/thumb/v7e-m/fpv4-sp/hard\libc_nano.a(lib_a-nano-freer.o)
 .ARM.attributes
                0x0000000000000663       0x34 c:/st/stm32cubeide_1.0.2/stm32cubeide/plugins/com.st.stm32cube.ide.mcu.externaltools.gnu-tools-for-stm32.7-2018-q2-update.win32_1.0.0.201904181610/tools/bin/../lib/gcc/arm-none-eabi/7.3.1/../../../../arm-none-eabi/lib/thumb/v7e-m/fpv4-sp/hard\libc_nano.a(lib_a-nano-mallocr.o)
 .ARM.attributes
                0x0000000000000697       0x34 c:/st/stm32cubeide_1.0.2/stm32cubeide/plugins/com.st.stm32cube.ide.mcu.externaltools.gnu-tools-for-stm32.7-2018-q2-update.win32_1.0.0.201904181610/tools/bin/../lib/gcc/arm-none-eabi/7.3.1/../../../../arm-none-eabi/lib/thumb/v7e-m/fpv4-sp/hard\libc_nano.a(lib_a-nano-reallocr.o)
 .ARM.attributes
                0x00000000000006cb       0x34 c:/st/stm32cubeide_1.0.2/stm32cubeide/plugins/com.st.stm32cube.ide.mcu.externaltools.gnu-tools-for-stm32.7-2018-q2-update.win32_1.0.0.201904181610/tools/bin/../lib/gcc/arm-none-eabi/7.3.1/../../../../arm-none-eabi/lib/thumb/v7e-m/fpv4-sp/hard\libc_nano.a(lib_a-sbrkr.o)
 .ARM.attributes
                0x00000000000006ff       0x34 c:/st/stm32cubeide_1.0.2/stm32cubeide/plugins/com.st.stm32cube.ide.mcu.externaltools.gnu-tools-for-stm32.7-2018-q2-update.win32_1.0.0.201904181610/tools/bin/../lib/gcc/arm-none-eabi/7.3.1/../../../../arm-none-eabi/lib/thumb/v7e-m/fpv4-sp/hard\libc_nano.a(lib_a-mlock.o)
 .ARM.attributes
                0x0000000000000733       0x34 c:/st/stm32cubeide_1.0.2/stm32cubeide/plugins/com.st.stm32cube.ide.mcu.externaltools.gnu-tools-for-stm32.7-2018-q2-update.win32_1.0.0.201904181610/tools/bin/../lib/gcc/arm-none-eabi/7.3.1/../../../../arm-none-eabi/lib/thumb/v7e-m/fpv4-sp/hard\libc_nano.a(lib_a-nano-msizer.o)
 .ARM.attributes
                0x0000000000000767       0x34 c:/st/stm32cubeide_1.0.2/stm32cubeide/plugins/com.st.stm32cube.ide.mcu.externaltools.gnu-tools-for-stm32.7-2018-q2-update.win32_1.0.0.201904181610/tools/bin/../lib/gcc/arm-none-eabi/7.3.1/../../../../arm-none-eabi/lib/thumb/v7e-m/fpv4-sp/hard\libc_nano.a(lib_a-reent.o)
 .ARM.attributes
                0x000000000000079b       0x34 c:/st/stm32cubeide_1.0.2/stm32cubeide/plugins/com.st.stm32cube.ide.mcu.externaltools.gnu-tools-for-stm32.7-2018-q2-update.win32_1.0.0.201904181610/tools/bin/../lib/gcc/arm-none-eabi/7.3.1/../../../../arm-none-eabi/lib/thumb/v7e-m/fpv4-sp/hard\libm.a(lib_a-s_ceil.o)
 .ARM.attributes
                0x00000000000007cf       0x34 c:/st/stm32cubeide_1.0.2/stm32cubeide/plugins/com.st.stm32cube.ide.mcu.externaltools.gnu-tools-for-stm32.7-2018-q2-update.win32_1.0.0.201904181610/tools/bin/../lib/gcc/arm-none-eabi/7.3.1/../../../../arm-none-eabi/lib/thumb/v7e-m/fpv4-sp/hard\libm.a(lib_a-s_floor.o)
 .ARM.attributes
                0x0000000000000803       0x34 c:/st/stm32cubeide_1.0.2/stm32cubeide/plugins/com.st.stm32cube.ide.mcu.externaltools.gnu-tools-for-stm32.7-2018-q2-update.win32_1.0.0.201904181610/tools/bin/../lib/gcc/arm-none-eabi/7.3.1/../../../../arm-none-eabi/lib/thumb/v7e-m/fpv4-sp/hard\libm.a(lib_a-s_round.o)
 .ARM.attributes
                0x0000000000000837       0x22 c:/st/stm32cubeide_1.0.2/stm32cubeide/plugins/com.st.stm32cube.ide.mcu.externaltools.gnu-tools-for-stm32.7-2018-q2-update.win32_1.0.0.201904181610/tools/bin/../lib/gcc/arm-none-eabi/7.3.1/thumb/v7e-m/fpv4-sp/hard\libgcc.a(_arm_addsubdf3.o)
 .ARM.attributes
                0x0000000000000859       0x22 c:/st/stm32cubeide_1.0.2/stm32cubeide/plugins/com.st.stm32cube.ide.mcu.externaltools.gnu-tools-for-stm32.7-2018-q2-update.win32_1.0.0.201904181610/tools/bin/../lib/gcc/arm-none-eabi/7.3.1/thumb/v7e-m/fpv4-sp/hard\libgcc.a(_arm_muldivdf3.o)
 .ARM.attributes
                0x000000000000087b       0x22 c:/st/stm32cubeide_1.0.2/stm32cubeide/plugins/com.st.stm32cube.ide.mcu.externaltools.gnu-tools-for-stm32.7-2018-q2-update.win32_1.0.0.201904181610/tools/bin/../lib/gcc/arm-none-eabi/7.3.1/thumb/v7e-m/fpv4-sp/hard\libgcc.a(_arm_cmpdf2.o)
 .ARM.attributes
                0x000000000000089d       0x22 c:/st/stm32cubeide_1.0.2/stm32cubeide/plugins/com.st.stm32cube.ide.mcu.externaltools.gnu-tools-for-stm32.7-2018-q2-update.win32_1.0.0.201904181610/tools/bin/../lib/gcc/arm-none-eabi/7.3.1/thumb/v7e-m/fpv4-sp/hard\libgcc.a(_arm_fixdfsi.o)
 .ARM.attributes
                0x00000000000008bf       0x22 c:/st/stm32cubeide_1.0.2/stm32cubeide/plugins/com.st.stm32cube.ide.mcu.externaltools.gnu-tools-for-stm32.7-2018-q2-update.win32_1.0.0.201904181610/tools/bin/../lib/gcc/arm-none-eabi/7.3.1/thumb/v7e-m/fpv4-sp/hard\libgcc.a(_arm_fixunsdfsi.o)
 .ARM.attributes
                0x00000000000008e1       0x22 c:/st/stm32cubeide_1.0.2/stm32cubeide/plugins/com.st.stm32cube.ide.mcu.externaltools.gnu-tools-for-stm32.7-2018-q2-update.win32_1.0.0.201904181610/tools/bin/../lib/gcc/arm-none-eabi/7.3.1/thumb/v7e-m/fpv4-sp/hard\libgcc.a(_aeabi_uldivmod.o)
 .ARM.attributes
                0x0000000000000903       0x34 c:/st/stm32cubeide_1.0.2/stm32cubeide/plugins/com.st.stm32cube.ide.mcu.externaltools.gnu-tools-for-stm32.7-2018-q2-update.win32_1.0.0.201904181610/tools/bin/../lib/gcc/arm-none-eabi/7.3.1/thumb/v7e-m/fpv4-sp/hard\libgcc.a(_udivmoddi4.o)
 .ARM.attributes
                0x0000000000000937       0x22 c:/st/stm32cubeide_1.0.2/stm32cubeide/plugins/com.st.stm32cube.ide.mcu.externaltools.gnu-tools-for-stm32.7-2018-q2-update.win32_1.0.0.201904181610/tools/bin/../lib/gcc/arm-none-eabi/7.3.1/thumb/v7e-m/fpv4-sp/hard\libgcc.a(_dvmd_tls.o)
 .ARM.attributes
                0x0000000000000959       0x22 c:/st/stm32cubeide_1.0.2/stm32cubeide/plugins/com.st.stm32cube.ide.mcu.externaltools.gnu-tools-for-stm32.7-2018-q2-update.win32_1.0.0.201904181610/tools/bin/../lib/gcc/arm-none-eabi/7.3.1/thumb/v7e-m/fpv4-sp/hard/crtn.o
OUTPUT(stm32f4_lora.elf elf32-littlearm)

.debug_info     0x0000000000000000     0xd49e
 .debug_info    0x0000000000000000     0x1c3f Drivers/Lora/Radio/sx1272/sx1272.o
 .debug_info    0x0000000000001c3f      0x8fb Drivers/Lora/Utilities/delay.o
 .debug_info    0x000000000000253a      0xbcc Drivers/Lora/Utilities/timeServer.o
 .debug_info    0x0000000000003106      0xa79 Drivers/Lora/Utilities/utilities.o
 .debug_info    0x0000000000003b7f      0x8b5 Drivers/STM32F4xx_HAL_Driver/Src/stm32f4xx_hal.o
 .debug_info    0x0000000000004434      0xd46 Drivers/STM32F4xx_HAL_Driver/Src/stm32f4xx_hal_cortex.o
 .debug_info    0x000000000000517a      0x78b Drivers/STM32F4xx_HAL_Driver/Src/stm32f4xx_hal_gpio.o
 .debug_info    0x0000000000005905      0x8ce Drivers/STM32F4xx_HAL_Driver/Src/stm32f4xx_hal_rcc.o
 .debug_info    0x00000000000061d3     0x11cd Drivers/STM32F4xx_HAL_Driver/Src/stm32f4xx_hal_uart.o
 .debug_info    0x00000000000073a0     0x10c4 Src/gpio.o
 .debug_info    0x0000000000008464     0x158f Src/lora_init.o
 .debug_info    0x00000000000099f3     0x141e Src/main.o
 .debug_info    0x000000000000ae11      0x1b3 Src/stm32f4xx_it.o
 .debug_info    0x000000000000afc4      0x91c Src/sysmem.o
 .debug_info    0x000000000000b8e0      0x52c Src/system_stm32f4xx.o
 .debug_info    0x000000000000be0c     0x1670 Src/vcom.o
 .debug_info    0x000000000000d47c       0x22 Startup/startup_stm32f411vetx.o

.debug_abbrev   0x0000000000000000     0x23d5
 .debug_abbrev  0x0000000000000000      0x31b Drivers/Lora/Radio/sx1272/sx1272.o
 .debug_abbrev  0x000000000000031b      0x1a2 Drivers/Lora/Utilities/delay.o
 .debug_abbrev  0x00000000000004bd      0x30f Drivers/Lora/Utilities/timeServer.o
 .debug_abbrev  0x00000000000007cc      0x1f5 Drivers/Lora/Utilities/utilities.o
 .debug_abbrev  0x00000000000009c1      0x1f6 Drivers/STM32F4xx_HAL_Driver/Src/stm32f4xx_hal.o
 .debug_abbrev  0x0000000000000bb7      0x2fa Drivers/STM32F4xx_HAL_Driver/Src/stm32f4xx_hal_cortex.o
 .debug_abbrev  0x0000000000000eb1      0x1c9 Drivers/STM32F4xx_HAL_Driver/Src/stm32f4xx_hal_gpio.o
 .debug_abbrev  0x000000000000107a      0x245 Drivers/STM32F4xx_HAL_Driver/Src/stm32f4xx_hal_rcc.o
 .debug_abbrev  0x00000000000012bf      0x251 Drivers/STM32F4xx_HAL_Driver/Src/stm32f4xx_hal_uart.o
 .debug_abbrev  0x0000000000001510      0x256 Src/gpio.o
 .debug_abbrev  0x0000000000001766      0x31d Src/lora_init.o
 .debug_abbrev  0x0000000000001a83      0x2c2 Src/main.o
 .debug_abbrev  0x0000000000001d45       0xac Src/stm32f4xx_it.o
 .debug_abbrev  0x0000000000001df1      0x1bb Src/sysmem.o
 .debug_abbrev  0x0000000000001fac      0x111 Src/system_stm32f4xx.o
 .debug_abbrev  0x00000000000020bd      0x306 Src/vcom.o
 .debug_abbrev  0x00000000000023c3       0x12 Startup/startup_stm32f411vetx.o

.debug_aranges  0x0000000000000000      0x910
 .debug_aranges
                0x0000000000000000      0x128 Drivers/Lora/Radio/sx1272/sx1272.o
 .debug_aranges
                0x0000000000000128       0x28 Drivers/Lora/Utilities/delay.o
 .debug_aranges
                0x0000000000000150       0x78 Drivers/Lora/Utilities/timeServer.o
 .debug_aranges
                0x00000000000001c8       0x50 Drivers/Lora/Utilities/utilities.o
 .debug_aranges
                0x0000000000000218       0xf0 Drivers/STM32F4xx_HAL_Driver/Src/stm32f4xx_hal.o
 .debug_aranges
                0x0000000000000308      0x118 Drivers/STM32F4xx_HAL_Driver/Src/stm32f4xx_hal_cortex.o
 .debug_aranges
                0x0000000000000420       0x58 Drivers/STM32F4xx_HAL_Driver/Src/stm32f4xx_hal_gpio.o
 .debug_aranges
                0x0000000000000478       0x88 Drivers/STM32F4xx_HAL_Driver/Src/stm32f4xx_hal_rcc.o
 .debug_aranges
                0x0000000000000500      0x1d0 Drivers/STM32F4xx_HAL_Driver/Src/stm32f4xx_hal_uart.o
 .debug_aranges
                0x00000000000006d0       0x50 Src/gpio.o
 .debug_aranges
                0x0000000000000720       0x68 Src/lora_init.o
 .debug_aranges
                0x0000000000000788       0x58 Src/main.o
 .debug_aranges
                0x00000000000007e0       0x60 Src/stm32f4xx_it.o
 .debug_aranges
                0x0000000000000840       0x20 Src/sysmem.o
 .debug_aranges
                0x0000000000000860       0x28 Src/system_stm32f4xx.o
 .debug_aranges
                0x0000000000000888       0x60 Src/vcom.o
 .debug_aranges
                0x00000000000008e8       0x28 Startup/startup_stm32f411vetx.o

.debug_ranges   0x0000000000000000      0x820
 .debug_ranges  0x0000000000000000      0x130 Drivers/Lora/Radio/sx1272/sx1272.o
 .debug_ranges  0x0000000000000130       0x18 Drivers/Lora/Utilities/delay.o
 .debug_ranges  0x0000000000000148       0x68 Drivers/Lora/Utilities/timeServer.o
 .debug_ranges  0x00000000000001b0       0x40 Drivers/Lora/Utilities/utilities.o
 .debug_ranges  0x00000000000001f0       0xe0 Drivers/STM32F4xx_HAL_Driver/Src/stm32f4xx_hal.o
 .debug_ranges  0x00000000000002d0      0x108 Drivers/STM32F4xx_HAL_Driver/Src/stm32f4xx_hal_cortex.o
 .debug_ranges  0x00000000000003d8       0x48 Drivers/STM32F4xx_HAL_Driver/Src/stm32f4xx_hal_gpio.o
 .debug_ranges  0x0000000000000420       0x78 Drivers/STM32F4xx_HAL_Driver/Src/stm32f4xx_hal_rcc.o
 .debug_ranges  0x0000000000000498      0x1c0 Drivers/STM32F4xx_HAL_Driver/Src/stm32f4xx_hal_uart.o
 .debug_ranges  0x0000000000000658       0x40 Src/gpio.o
 .debug_ranges  0x0000000000000698       0x58 Src/lora_init.o
 .debug_ranges  0x00000000000006f0       0x48 Src/main.o
 .debug_ranges  0x0000000000000738       0x50 Src/stm32f4xx_it.o
 .debug_ranges  0x0000000000000788       0x10 Src/sysmem.o
 .debug_ranges  0x0000000000000798       0x18 Src/system_stm32f4xx.o
 .debug_ranges  0x00000000000007b0       0x50 Src/vcom.o
 .debug_ranges  0x0000000000000800       0x20 Startup/startup_stm32f411vetx.o

.debug_macro    0x0000000000000000    0x171db
 .debug_macro   0x0000000000000000      0x335 Drivers/Lora/Radio/sx1272/sx1272.o
 .debug_macro   0x0000000000000335      0x1e1 Drivers/Lora/Radio/sx1272/sx1272.o
 .debug_macro   0x0000000000000516       0x32 Drivers/Lora/Radio/sx1272/sx1272.o
 .debug_macro   0x0000000000000548       0x28 Drivers/Lora/Radio/sx1272/sx1272.o
 .debug_macro   0x0000000000000570       0x1c Drivers/Lora/Radio/sx1272/sx1272.o
 .debug_macro   0x000000000000058c       0x22 Drivers/Lora/Radio/sx1272/sx1272.o
 .debug_macro   0x00000000000005ae       0xd9 Drivers/Lora/Radio/sx1272/sx1272.o
 .debug_macro   0x0000000000000687     0x102d Drivers/Lora/Radio/sx1272/sx1272.o
 .debug_macro   0x00000000000016b4      0x11f Drivers/Lora/Radio/sx1272/sx1272.o
 .debug_macro   0x00000000000017d3     0xb93e Drivers/Lora/Radio/sx1272/sx1272.o
 .debug_macro   0x000000000000d111       0x43 Drivers/Lora/Radio/sx1272/sx1272.o
 .debug_macro   0x000000000000d154      0x18a Drivers/Lora/Radio/sx1272/sx1272.o
 .debug_macro   0x000000000000d2de     0x35d4 Drivers/Lora/Radio/sx1272/sx1272.o
 .debug_macro   0x00000000000108b2       0x54 Drivers/Lora/Radio/sx1272/sx1272.o
 .debug_macro   0x0000000000010906      0x447 Drivers/Lora/Radio/sx1272/sx1272.o
 .debug_macro   0x0000000000010d4d      0x9fe Drivers/Lora/Radio/sx1272/sx1272.o
 .debug_macro   0x000000000001174b       0xed Drivers/Lora/Radio/sx1272/sx1272.o
 .debug_macro   0x0000000000011838      0x117 Drivers/Lora/Radio/sx1272/sx1272.o
 .debug_macro   0x000000000001194f      0x11b Drivers/Lora/Radio/sx1272/sx1272.o
 .debug_macro   0x0000000000011a6a       0x27 Drivers/Lora/Radio/sx1272/sx1272.o
 .debug_macro   0x0000000000011a91      0x287 Drivers/Lora/Radio/sx1272/sx1272.o
 .debug_macro   0x0000000000011d18       0x5f Drivers/Lora/Radio/sx1272/sx1272.o
 .debug_macro   0x0000000000011d77      0x236 Drivers/Lora/Radio/sx1272/sx1272.o
 .debug_macro   0x0000000000011fad      0x132 Drivers/Lora/Radio/sx1272/sx1272.o
 .debug_macro   0x00000000000120df      0x264 Drivers/Lora/Radio/sx1272/sx1272.o
 .debug_macro   0x0000000000012343       0x2e Drivers/Lora/Radio/sx1272/sx1272.o
 .debug_macro   0x0000000000012371      0x11a Drivers/Lora/Radio/sx1272/sx1272.o
 .debug_macro   0x000000000001248b       0x85 Drivers/Lora/Radio/sx1272/sx1272.o
 .debug_macro   0x0000000000012510       0x89 Drivers/Lora/Radio/sx1272/sx1272.o
 .debug_macro   0x0000000000012599      0x225 Drivers/Lora/Radio/sx1272/sx1272.o
 .debug_macro   0x00000000000127be      0x287 Drivers/Lora/Radio/sx1272/sx1272.o
 .debug_macro   0x0000000000012a45      0x126 Drivers/Lora/Radio/sx1272/sx1272.o
 .debug_macro   0x0000000000012b6b      0x159 Drivers/Lora/Radio/sx1272/sx1272.o
 .debug_macro   0x0000000000012cc4       0x2e Drivers/Lora/Radio/sx1272/sx1272.o
 .debug_macro   0x0000000000012cf2     0x14bc Drivers/Lora/Radio/sx1272/sx1272.o
 .debug_macro   0x00000000000141ae      0x73a Drivers/Lora/Radio/sx1272/sx1272.o
 .debug_macro   0x00000000000148e8       0x2b Drivers/Lora/Radio/sx1272/sx1272.o
 .debug_macro   0x0000000000014913       0x10 Drivers/Lora/Radio/sx1272/sx1272.o
 .debug_macro   0x0000000000014923      0x145 Drivers/Lora/Utilities/delay.o
 .debug_macro   0x0000000000014a68      0x1fa Drivers/Lora/Utilities/timeServer.o
 .debug_macro   0x0000000000014c62       0x10 Drivers/Lora/Utilities/timeServer.o
 .debug_macro   0x0000000000014c72       0x10 Drivers/Lora/Utilities/timeServer.o
 .debug_macro   0x0000000000014c82       0x10 Drivers/Lora/Utilities/timeServer.o
 .debug_macro   0x0000000000014c92       0x10 Drivers/Lora/Utilities/timeServer.o
 .debug_macro   0x0000000000014ca2       0x1c Drivers/Lora/Utilities/timeServer.o
 .debug_macro   0x0000000000014cbe       0x52 Drivers/Lora/Utilities/timeServer.o
 .debug_macro   0x0000000000014d10       0x40 Drivers/Lora/Utilities/timeServer.o
 .debug_macro   0x0000000000014d50       0x10 Drivers/Lora/Utilities/timeServer.o
 .debug_macro   0x0000000000014d60       0x40 Drivers/Lora/Utilities/timeServer.o
 .debug_macro   0x0000000000014da0       0xd7 Drivers/Lora/Utilities/timeServer.o
 .debug_macro   0x0000000000014e77       0x1c Drivers/Lora/Utilities/timeServer.o
 .debug_macro   0x0000000000014e93       0x3d Drivers/Lora/Utilities/timeServer.o
 .debug_macro   0x0000000000014ed0       0x35 Drivers/Lora/Utilities/timeServer.o
 .debug_macro   0x0000000000014f05      0x234 Drivers/Lora/Utilities/utilities.o
 .debug_macro   0x0000000000015139       0x1c Drivers/Lora/Utilities/utilities.o
 .debug_macro   0x0000000000015155       0x10 Drivers/Lora/Utilities/utilities.o
 .debug_macro   0x0000000000015165       0x16 Drivers/Lora/Utilities/utilities.o
 .debug_macro   0x000000000001517b      0x145 Drivers/Lora/Utilities/utilities.o
 .debug_macro   0x00000000000152c0      0x224 Drivers/STM32F4xx_HAL_Driver/Src/stm32f4xx_hal.o
 .debug_macro   0x00000000000154e4       0xdf Drivers/STM32F4xx_HAL_Driver/Src/stm32f4xx_hal.o
 .debug_macro   0x00000000000155c3       0x5a Drivers/STM32F4xx_HAL_Driver/Src/stm32f4xx_hal.o
 .debug_macro   0x000000000001561d      0x1c4 Drivers/STM32F4xx_HAL_Driver/Src/stm32f4xx_hal_cortex.o
 .debug_macro   0x00000000000157e1      0x1fa Drivers/STM32F4xx_HAL_Driver/Src/stm32f4xx_hal_gpio.o
 .debug_macro   0x00000000000159db      0x1e8 Drivers/STM32F4xx_HAL_Driver/Src/stm32f4xx_hal_rcc.o
 .debug_macro   0x0000000000015bc3      0x1c5 Drivers/STM32F4xx_HAL_Driver/Src/stm32f4xx_hal_uart.o
 .debug_macro   0x0000000000015d88      0x2c5 Src/gpio.o
 .debug_macro   0x000000000001604d      0x32e Src/lora_init.o
 .debug_macro   0x000000000001637b      0x354 Src/main.o
 .debug_macro   0x00000000000166cf       0x2e Src/main.o
 .debug_macro   0x00000000000166fd       0x11 Src/main.o
 .debug_macro   0x000000000001670e      0x1dd Src/stm32f4xx_it.o
 .debug_macro   0x00000000000168eb       0x52 Src/stm32f4xx_it.o
 .debug_macro   0x000000000001693d      0x1ae Src/sysmem.o
 .debug_macro   0x0000000000016aeb      0x23b Src/sysmem.o
 .debug_macro   0x0000000000016d26       0x16 Src/sysmem.o
 .debug_macro   0x0000000000016d3c      0x1ca Src/system_stm32f4xx.o
 .debug_macro   0x0000000000016f06      0x2d5 Src/vcom.o

.debug_line     0x0000000000000000     0x8f6b
 .debug_line    0x0000000000000000      0xfdf Drivers/Lora/Radio/sx1272/sx1272.o
 .debug_line    0x0000000000000fdf      0x531 Drivers/Lora/Utilities/delay.o
 .debug_line    0x0000000000001510      0x6fb Drivers/Lora/Utilities/timeServer.o
 .debug_line    0x0000000000001c0b      0x65c Drivers/Lora/Utilities/utilities.o
 .debug_line    0x0000000000002267      0x8a4 Drivers/STM32F4xx_HAL_Driver/Src/stm32f4xx_hal.o
 .debug_line    0x0000000000002b0b      0x9cb Drivers/STM32F4xx_HAL_Driver/Src/stm32f4xx_hal_cortex.o
 .debug_line    0x00000000000034d6      0x84a Drivers/STM32F4xx_HAL_Driver/Src/stm32f4xx_hal_gpio.o
 .debug_line    0x0000000000003d20      0x8eb Drivers/STM32F4xx_HAL_Driver/Src/stm32f4xx_hal_rcc.o
 .debug_line    0x000000000000460b      0xf9e Drivers/STM32F4xx_HAL_Driver/Src/stm32f4xx_hal_uart.o
 .debug_line    0x00000000000055a9      0x8eb Src/gpio.o
 .debug_line    0x0000000000005e94      0x9c2 Src/lora_init.o
 .debug_line    0x0000000000006856      0x9b7 Src/main.o
 .debug_line    0x000000000000720d      0x741 Src/stm32f4xx_it.o
 .debug_line    0x000000000000794e      0x559 Src/sysmem.o
 .debug_line    0x0000000000007ea7      0x6be Src/system_stm32f4xx.o
 .debug_line    0x0000000000008565      0x985 Src/vcom.o
 .debug_line    0x0000000000008eea       0x81 Startup/startup_stm32f411vetx.o

.debug_str      0x0000000000000000    0x8fc2e
 .debug_str     0x0000000000000000    0x8ba58 Drivers/Lora/Radio/sx1272/sx1272.o
                                      0x8bf3c (size before relaxing)
 .debug_str     0x000000000008ba58       0x34 Drivers/Lora/Utilities/delay.o
                                       0x70dd (size before relaxing)
 .debug_str     0x000000000008ba8c      0xe5a Drivers/Lora/Utilities/timeServer.o
                                       0x7f52 (size before relaxing)
 .debug_str     0x000000000008c8e6      0x780 Drivers/Lora/Utilities/utilities.o
                                       0x840d (size before relaxing)
 .debug_str     0x000000000008d066      0xaa3 Drivers/STM32F4xx_HAL_Driver/Src/stm32f4xx_hal.o
                                      0x80621 (size before relaxing)
 .debug_str     0x000000000008db09      0x3ed Drivers/STM32F4xx_HAL_Driver/Src/stm32f4xx_hal_cortex.o
                                      0x8038a (size before relaxing)
 .debug_str     0x000000000008def6      0x287 Drivers/STM32F4xx_HAL_Driver/Src/stm32f4xx_hal_gpio.o
                                      0x7fe77 (size before relaxing)
 .debug_str     0x000000000008e17d      0x384 Drivers/STM32F4xx_HAL_Driver/Src/stm32f4xx_hal_rcc.o
                                      0x8001a (size before relaxing)
 .debug_str     0x000000000008e501      0x8fd Drivers/STM32F4xx_HAL_Driver/Src/stm32f4xx_hal_uart.o
                                      0x80459 (size before relaxing)
 .debug_str     0x000000000008edfe       0xa0 Src/gpio.o
                                      0x84363 (size before relaxing)
 .debug_str     0x000000000008ee9e      0x165 Src/lora_init.o
                                      0x8bc88 (size before relaxing)
 .debug_str     0x000000000008f003      0x3b5 Src/main.o
                                      0x846ce (size before relaxing)
 .debug_str     0x000000000008f3b8      0x178 Src/stm32f4xx_it.o
                                      0x7fc53 (size before relaxing)
 .debug_str     0x000000000008f530      0x4b9 Src/sysmem.o
                                       0x7b28 (size before relaxing)
 .debug_str     0x000000000008f9e9       0x5a Src/system_stm32f4xx.o
                                      0x7fc33 (size before relaxing)
 .debug_str     0x000000000008fa43      0x1ba Src/vcom.o
                                      0x84925 (size before relaxing)
 .debug_str     0x000000000008fbfd       0x31 Startup/startup_stm32f411vetx.o
                                         0x7b (size before relaxing)

.comment        0x0000000000000000       0x7b
 .comment       0x0000000000000000       0x7b Drivers/Lora/Radio/sx1272/sx1272.o
                                         0x7c (size before relaxing)
 .comment       0x000000000000007b       0x7c Drivers/Lora/Utilities/delay.o
 .comment       0x000000000000007b       0x7c Drivers/Lora/Utilities/timeServer.o
 .comment       0x000000000000007b       0x7c Drivers/Lora/Utilities/utilities.o
 .comment       0x000000000000007b       0x7c Drivers/STM32F4xx_HAL_Driver/Src/stm32f4xx_hal.o
 .comment       0x000000000000007b       0x7c Drivers/STM32F4xx_HAL_Driver/Src/stm32f4xx_hal_cortex.o
 .comment       0x000000000000007b       0x7c Drivers/STM32F4xx_HAL_Driver/Src/stm32f4xx_hal_gpio.o
 .comment       0x000000000000007b       0x7c Drivers/STM32F4xx_HAL_Driver/Src/stm32f4xx_hal_rcc.o
 .comment       0x000000000000007b       0x7c Drivers/STM32F4xx_HAL_Driver/Src/stm32f4xx_hal_uart.o
 .comment       0x000000000000007b       0x7c Src/gpio.o
 .comment       0x000000000000007b       0x7c Src/lora_init.o
 .comment       0x000000000000007b       0x7c Src/main.o
 .comment       0x000000000000007b       0x7c Src/stm32f4xx_it.o
 .comment       0x000000000000007b       0x7c Src/sysmem.o
 .comment       0x000000000000007b       0x7c Src/system_stm32f4xx.o
 .comment       0x000000000000007b       0x7c Src/vcom.o

.debug_frame    0x0000000000000000     0x28c4
 .debug_frame   0x0000000000000000      0x4cc Drivers/Lora/Radio/sx1272/sx1272.o
 .debug_frame   0x00000000000004cc       0x58 Drivers/Lora/Utilities/delay.o
 .debug_frame   0x0000000000000524      0x1e0 Drivers/Lora/Utilities/timeServer.o
 .debug_frame   0x0000000000000704      0x11c Drivers/Lora/Utilities/utilities.o
 .debug_frame   0x0000000000000820      0x374 Drivers/STM32F4xx_HAL_Driver/Src/stm32f4xx_hal.o
 .debug_frame   0x0000000000000b94      0x498 Drivers/STM32F4xx_HAL_Driver/Src/stm32f4xx_hal_cortex.o
 .debug_frame   0x000000000000102c      0x14c Drivers/STM32F4xx_HAL_Driver/Src/stm32f4xx_hal_gpio.o
 .debug_frame   0x0000000000001178      0x1f0 Drivers/STM32F4xx_HAL_Driver/Src/stm32f4xx_hal_rcc.o
 .debug_frame   0x0000000000001368      0x83c Drivers/STM32F4xx_HAL_Driver/Src/stm32f4xx_hal_uart.o
 .debug_frame   0x0000000000001ba4      0x114 Src/gpio.o
 .debug_frame   0x0000000000001cb8      0x17c Src/lora_init.o
 .debug_frame   0x0000000000001e34      0x104 Src/main.o
 .debug_frame   0x0000000000001f38      0x10c Src/stm32f4xx_it.o
 .debug_frame   0x0000000000002044       0x34 Src/sysmem.o
 .debug_frame   0x0000000000002078       0x58 Src/system_stm32f4xx.o
 .debug_frame   0x00000000000020d0      0x174 Src/vcom.o
 .debug_frame   0x0000000000002244       0x20 c:/st/stm32cubeide_1.0.2/stm32cubeide/plugins/com.st.stm32cube.ide.mcu.externaltools.gnu-tools-for-stm32.7-2018-q2-update.win32_1.0.0.201904181610/tools/bin/../lib/gcc/arm-none-eabi/7.3.1/../../../../arm-none-eabi/lib/thumb/v7e-m/fpv4-sp/hard\libc_nano.a(lib_a-errno.o)
 .debug_frame   0x0000000000002264       0x2c c:/st/stm32cubeide_1.0.2/stm32cubeide/plugins/com.st.stm32cube.ide.mcu.externaltools.gnu-tools-for-stm32.7-2018-q2-update.win32_1.0.0.201904181610/tools/bin/../lib/gcc/arm-none-eabi/7.3.1/../../../../arm-none-eabi/lib/thumb/v7e-m/fpv4-sp/hard\libc_nano.a(lib_a-init.o)
 .debug_frame   0x0000000000002290       0x28 c:/st/stm32cubeide_1.0.2/stm32cubeide/plugins/com.st.stm32cube.ide.mcu.externaltools.gnu-tools-for-stm32.7-2018-q2-update.win32_1.0.0.201904181610/tools/bin/../lib/gcc/arm-none-eabi/7.3.1/../../../../arm-none-eabi/lib/thumb/v7e-m/fpv4-sp/hard\libc_nano.a(lib_a-memcpy-stub.o)
 .debug_frame   0x00000000000022b8       0x20 c:/st/stm32cubeide_1.0.2/stm32cubeide/plugins/com.st.stm32cube.ide.mcu.externaltools.gnu-tools-for-stm32.7-2018-q2-update.win32_1.0.0.201904181610/tools/bin/../lib/gcc/arm-none-eabi/7.3.1/../../../../arm-none-eabi/lib/thumb/v7e-m/fpv4-sp/hard\libc_nano.a(lib_a-memset.o)
 .debug_frame   0x00000000000022d8       0x28 c:/st/stm32cubeide_1.0.2/stm32cubeide/plugins/com.st.stm32cube.ide.mcu.externaltools.gnu-tools-for-stm32.7-2018-q2-update.win32_1.0.0.201904181610/tools/bin/../lib/gcc/arm-none-eabi/7.3.1/../../../../arm-none-eabi/lib/thumb/v7e-m/fpv4-sp/hard\libc_nano.a(lib_a-strncmp.o)
 .debug_frame   0x0000000000002300       0x3c c:/st/stm32cubeide_1.0.2/stm32cubeide/plugins/com.st.stm32cube.ide.mcu.externaltools.gnu-tools-for-stm32.7-2018-q2-update.win32_1.0.0.201904181610/tools/bin/../lib/gcc/arm-none-eabi/7.3.1/../../../../arm-none-eabi/lib/thumb/v7e-m/fpv4-sp/hard\libc_nano.a(lib_a-vsprintf.o)
 .debug_frame   0x000000000000233c       0x90 c:/st/stm32cubeide_1.0.2/stm32cubeide/plugins/com.st.stm32cube.ide.mcu.externaltools.gnu-tools-for-stm32.7-2018-q2-update.win32_1.0.0.201904181610/tools/bin/../lib/gcc/arm-none-eabi/7.3.1/../../../../arm-none-eabi/lib/thumb/v7e-m/fpv4-sp/hard\libc_nano.a(lib_a-nano-svfprintf.o)
 .debug_frame   0x00000000000023cc       0x60 c:/st/stm32cubeide_1.0.2/stm32cubeide/plugins/com.st.stm32cube.ide.mcu.externaltools.gnu-tools-for-stm32.7-2018-q2-update.win32_1.0.0.201904181610/tools/bin/../lib/gcc/arm-none-eabi/7.3.1/../../../../arm-none-eabi/lib/thumb/v7e-m/fpv4-sp/hard\libc_nano.a(lib_a-nano-vfprintf_i.o)
 .debug_frame   0x000000000000242c       0x28 c:/st/stm32cubeide_1.0.2/stm32cubeide/plugins/com.st.stm32cube.ide.mcu.externaltools.gnu-tools-for-stm32.7-2018-q2-update.win32_1.0.0.201904181610/tools/bin/../lib/gcc/arm-none-eabi/7.3.1/../../../../arm-none-eabi/lib/thumb/v7e-m/fpv4-sp/hard\libc_nano.a(lib_a-memmove.o)
 .debug_frame   0x0000000000002454       0x38 c:/st/stm32cubeide_1.0.2/stm32cubeide/plugins/com.st.stm32cube.ide.mcu.externaltools.gnu-tools-for-stm32.7-2018-q2-update.win32_1.0.0.201904181610/tools/bin/../lib/gcc/arm-none-eabi/7.3.1/../../../../arm-none-eabi/lib/thumb/v7e-m/fpv4-sp/hard\libc_nano.a(lib_a-nano-freer.o)
 .debug_frame   0x000000000000248c       0x2c c:/st/stm32cubeide_1.0.2/stm32cubeide/plugins/com.st.stm32cube.ide.mcu.externaltools.gnu-tools-for-stm32.7-2018-q2-update.win32_1.0.0.201904181610/tools/bin/../lib/gcc/arm-none-eabi/7.3.1/../../../../arm-none-eabi/lib/thumb/v7e-m/fpv4-sp/hard\libc_nano.a(lib_a-nano-mallocr.o)
 .debug_frame   0x00000000000024b8       0x3c c:/st/stm32cubeide_1.0.2/stm32cubeide/plugins/com.st.stm32cube.ide.mcu.externaltools.gnu-tools-for-stm32.7-2018-q2-update.win32_1.0.0.201904181610/tools/bin/../lib/gcc/arm-none-eabi/7.3.1/../../../../arm-none-eabi/lib/thumb/v7e-m/fpv4-sp/hard\libc_nano.a(lib_a-nano-reallocr.o)
 .debug_frame   0x00000000000024f4       0x2c c:/st/stm32cubeide_1.0.2/stm32cubeide/plugins/com.st.stm32cube.ide.mcu.externaltools.gnu-tools-for-stm32.7-2018-q2-update.win32_1.0.0.201904181610/tools/bin/../lib/gcc/arm-none-eabi/7.3.1/../../../../arm-none-eabi/lib/thumb/v7e-m/fpv4-sp/hard\libc_nano.a(lib_a-sbrkr.o)
 .debug_frame   0x0000000000002520       0x30 c:/st/stm32cubeide_1.0.2/stm32cubeide/plugins/com.st.stm32cube.ide.mcu.externaltools.gnu-tools-for-stm32.7-2018-q2-update.win32_1.0.0.201904181610/tools/bin/../lib/gcc/arm-none-eabi/7.3.1/../../../../arm-none-eabi/lib/thumb/v7e-m/fpv4-sp/hard\libc_nano.a(lib_a-mlock.o)
 .debug_frame   0x0000000000002550       0x20 c:/st/stm32cubeide_1.0.2/stm32cubeide/plugins/com.st.stm32cube.ide.mcu.externaltools.gnu-tools-for-stm32.7-2018-q2-update.win32_1.0.0.201904181610/tools/bin/../lib/gcc/arm-none-eabi/7.3.1/../../../../arm-none-eabi/lib/thumb/v7e-m/fpv4-sp/hard\libc_nano.a(lib_a-nano-msizer.o)
 .debug_frame   0x0000000000002570       0x5c c:/st/stm32cubeide_1.0.2/stm32cubeide/plugins/com.st.stm32cube.ide.mcu.externaltools.gnu-tools-for-stm32.7-2018-q2-update.win32_1.0.0.201904181610/tools/bin/../lib/gcc/arm-none-eabi/7.3.1/../../../../arm-none-eabi/lib/thumb/v7e-m/fpv4-sp/hard\libc_nano.a(lib_a-reent.o)
 .debug_frame   0x00000000000025cc       0x30 c:/st/stm32cubeide_1.0.2/stm32cubeide/plugins/com.st.stm32cube.ide.mcu.externaltools.gnu-tools-for-stm32.7-2018-q2-update.win32_1.0.0.201904181610/tools/bin/../lib/gcc/arm-none-eabi/7.3.1/../../../../arm-none-eabi/lib/thumb/v7e-m/fpv4-sp/hard\libm.a(lib_a-s_ceil.o)
 .debug_frame   0x00000000000025fc       0x30 c:/st/stm32cubeide_1.0.2/stm32cubeide/plugins/com.st.stm32cube.ide.mcu.externaltools.gnu-tools-for-stm32.7-2018-q2-update.win32_1.0.0.201904181610/tools/bin/../lib/gcc/arm-none-eabi/7.3.1/../../../../arm-none-eabi/lib/thumb/v7e-m/fpv4-sp/hard\libm.a(lib_a-s_floor.o)
 .debug_frame   0x000000000000262c       0x30 c:/st/stm32cubeide_1.0.2/stm32cubeide/plugins/com.st.stm32cube.ide.mcu.externaltools.gnu-tools-for-stm32.7-2018-q2-update.win32_1.0.0.201904181610/tools/bin/../lib/gcc/arm-none-eabi/7.3.1/../../../../arm-none-eabi/lib/thumb/v7e-m/fpv4-sp/hard\libm.a(lib_a-s_round.o)
 .debug_frame   0x000000000000265c       0xac c:/st/stm32cubeide_1.0.2/stm32cubeide/plugins/com.st.stm32cube.ide.mcu.externaltools.gnu-tools-for-stm32.7-2018-q2-update.win32_1.0.0.201904181610/tools/bin/../lib/gcc/arm-none-eabi/7.3.1/thumb/v7e-m/fpv4-sp/hard\libgcc.a(_arm_addsubdf3.o)
 .debug_frame   0x0000000000002708       0x50 c:/st/stm32cubeide_1.0.2/stm32cubeide/plugins/com.st.stm32cube.ide.mcu.externaltools.gnu-tools-for-stm32.7-2018-q2-update.win32_1.0.0.201904181610/tools/bin/../lib/gcc/arm-none-eabi/7.3.1/thumb/v7e-m/fpv4-sp/hard\libgcc.a(_arm_muldivdf3.o)
 .debug_frame   0x0000000000002758       0xc4 c:/st/stm32cubeide_1.0.2/stm32cubeide/plugins/com.st.stm32cube.ide.mcu.externaltools.gnu-tools-for-stm32.7-2018-q2-update.win32_1.0.0.201904181610/tools/bin/../lib/gcc/arm-none-eabi/7.3.1/thumb/v7e-m/fpv4-sp/hard\libgcc.a(_arm_cmpdf2.o)
 .debug_frame   0x000000000000281c       0x24 c:/st/stm32cubeide_1.0.2/stm32cubeide/plugins/com.st.stm32cube.ide.mcu.externaltools.gnu-tools-for-stm32.7-2018-q2-update.win32_1.0.0.201904181610/tools/bin/../lib/gcc/arm-none-eabi/7.3.1/thumb/v7e-m/fpv4-sp/hard\libgcc.a(_arm_fixdfsi.o)
 .debug_frame   0x0000000000002840       0x24 c:/st/stm32cubeide_1.0.2/stm32cubeide/plugins/com.st.stm32cube.ide.mcu.externaltools.gnu-tools-for-stm32.7-2018-q2-update.win32_1.0.0.201904181610/tools/bin/../lib/gcc/arm-none-eabi/7.3.1/thumb/v7e-m/fpv4-sp/hard\libgcc.a(_arm_fixunsdfsi.o)
 .debug_frame   0x0000000000002864       0x2c c:/st/stm32cubeide_1.0.2/stm32cubeide/plugins/com.st.stm32cube.ide.mcu.externaltools.gnu-tools-for-stm32.7-2018-q2-update.win32_1.0.0.201904181610/tools/bin/../lib/gcc/arm-none-eabi/7.3.1/thumb/v7e-m/fpv4-sp/hard\libgcc.a(_aeabi_uldivmod.o)